{"timestamp":"2025-12-26T10:05:10.756473Z","level":"info","event":"DAG bundles loaded: dags-folder, example_dags","logger":"airflow.dag_processing.bundles.manager.DagBundlesManager","filename":"manager.py","lineno":179}
{"timestamp":"2025-12-26T10:05:10.757739Z","level":"info","event":"Filling up the DagBag from /opt/airflow/dags/shopstream_daily_pipeline.py","logger":"airflow.models.dagbag.DagBag","filename":"dagbag.py","lineno":593}
{"timestamp":"2025-12-26T10:05:11.092497Z","level":"info","event":"Task instance is in running state","logger":"task.stdout"}
{"timestamp":"2025-12-26T10:05:11.097976Z","level":"info","event":" Previous state of the Task instance: TaskInstanceState.QUEUED","logger":"task.stdout"}
{"timestamp":"2025-12-26T10:05:11.103473Z","level":"info","event":"Current task name:extract_postgres_to_s3","logger":"task.stdout"}
{"timestamp":"2025-12-26T10:05:11.103847Z","level":"info","event":"Dag name:shopstream_daily_pipeline","logger":"task.stdout"}
{"timestamp":"2025-12-26T10:05:11.104170Z","level":"info","event":"Extraction PostgreSQL vers S3 pour 2025-12-26","logger":"task.stdout"}
{"timestamp":"2025-12-26T10:05:11.104520Z","level":"info","event":"Running export command: /usr/python/bin/python3.12 -u /opt/airflow/scripts/export_to_s3.py","logger":"task.stdout"}
{"timestamp":"2025-12-26T10:05:11.960587Z","level":"info","event":"export stdout:","logger":"task.stdout"}
{"timestamp":"2025-12-26T10:05:11.961228Z","level":"info","event":"======================================================================","logger":"task.stdout"}
{"timestamp":"2025-12-26T10:05:11.961596Z","level":"info","event":"EXPORT POSTGRESQL vers S3","logger":"task.stdout"}
{"timestamp":"2025-12-26T10:05:11.961985Z","level":"info","event":"======================================================================","logger":"task.stdout"}
{"timestamp":"2025-12-26T10:05:11.962349Z","level":"info","event":"","logger":"task.stdout"}
{"timestamp":"2025-12-26T10:05:11.962623Z","level":"info","event":"Date de partition : 2025-12-26","logger":"task.stdout"}
{"timestamp":"2025-12-26T10:05:11.962925Z","level":"info","event":"","logger":"task.stdout"}
{"timestamp":"2025-12-26T10:05:11.963202Z","level":"info","event":"Export de la table 'users'...","logger":"task.stdout"}
{"timestamp":"2025-12-26T10:05:11.963490Z","level":"info","event":"Connexion à PostgreSQL...","logger":"task.stdout"}
{"timestamp":"2025-12-26T10:05:11.963752Z","level":"info","event":"Erreur de connexion PostgreSQL : connection to server at \"localhost\" (::1), port 5432 failed: Connection refused","logger":"task.stdout"}
{"timestamp":"2025-12-26T10:05:11.964001Z","level":"info","event":"\tIs the server running on that host and accepting TCP/IP connections?","logger":"task.stdout"}
{"timestamp":"2025-12-26T10:05:11.964245Z","level":"info","event":"connection to server at \"localhost\" (127.0.0.1), port 5432 failed: Connection refused","logger":"task.stdout"}
{"timestamp":"2025-12-26T10:05:11.964465Z","level":"info","event":"\tIs the server running on that host and accepting TCP/IP connections?","logger":"task.stdout"}
{"timestamp":"2025-12-26T10:05:11.964732Z","level":"info","event":"","logger":"task.stdout"}
{"timestamp":"2025-12-26T10:05:11.964971Z","level":"info","event":"","logger":"task.stdout"}
{"timestamp":"2025-12-26T10:05:11.960659Z","level":"error","event":"Task failed with exception","logger":"task","filename":"task_runner.py","lineno":1008,"error_detail":[{"exc_type":"Exception","exc_value":"Erreur lors de l'export : returncode=1\nstdout:\n======================================================================\nEXPORT POSTGRESQL vers S3\n======================================================================\n\nDate de partition : 2025-12-26\n\nExport de la table 'users'...\nConnexion à PostgreSQL...\nErreur de connexion PostgreSQL : connection to server at \"localhost\" (::1), port 5432 failed: Connection refused\n\tIs the server running on that host and accepting TCP/IP connections?\nconnection to server at \"localhost\" (127.0.0.1), port 5432 failed: Connection refused\n\tIs the server running on that host and accepting TCP/IP connections?\n\n\n\nstderr:\n<empty>","exc_notes":[],"syntax_error":null,"is_cause":false,"frames":[{"filename":"/home/airflow/.local/lib/python3.12/site-packages/airflow/sdk/execution_time/task_runner.py","lineno":934,"name":"run"},{"filename":"/home/airflow/.local/lib/python3.12/site-packages/airflow/sdk/execution_time/task_runner.py","lineno":1320,"name":"_execute_task"},{"filename":"/home/airflow/.local/lib/python3.12/site-packages/airflow/sdk/bases/operator.py","lineno":417,"name":"wrapper"},{"filename":"/home/airflow/.local/lib/python3.12/site-packages/airflow/providers/standard/operators/python.py","lineno":215,"name":"execute"},{"filename":"/home/airflow/.local/lib/python3.12/site-packages/airflow/providers/standard/operators/python.py","lineno":238,"name":"execute_callable"},{"filename":"/home/airflow/.local/lib/python3.12/site-packages/airflow/sdk/execution_time/callback_runner.py","lineno":82,"name":"run"},{"filename":"/opt/airflow/dags/shopstream_daily_pipeline.py","lineno":123,"name":"extract_postgres_to_s3"}],"is_group":false,"exceptions":[]}]}
{"timestamp":"2025-12-26T10:05:11.994535Z","level":"info","event":"Task instance in failure state","logger":"task.stdout"}
{"timestamp":"2025-12-26T10:05:11.995035Z","level":"info","event":"Task start","logger":"task.stdout"}
{"timestamp":"2025-12-26T10:05:11.995303Z","level":"info","event":"Task:<Task(PythonOperator): extract_postgres_to_s3>","logger":"task.stdout"}
{"timestamp":"2025-12-26T10:05:11.995509Z","level":"info","event":"Failure caused by Erreur lors de l'export : returncode=1","logger":"task.stdout"}
{"timestamp":"2025-12-26T10:05:11.995705Z","level":"info","event":"stdout:","logger":"task.stdout"}
{"timestamp":"2025-12-26T10:05:11.995883Z","level":"info","event":"======================================================================","logger":"task.stdout"}
{"timestamp":"2025-12-26T10:05:11.996168Z","level":"info","event":"EXPORT POSTGRESQL vers S3","logger":"task.stdout"}
{"timestamp":"2025-12-26T10:05:11.996617Z","level":"info","event":"======================================================================","logger":"task.stdout"}
{"timestamp":"2025-12-26T10:05:11.996942Z","level":"info","event":"","logger":"task.stdout"}
{"timestamp":"2025-12-26T10:05:11.997383Z","level":"info","event":"Date de partition : 2025-12-26","logger":"task.stdout"}
{"timestamp":"2025-12-26T10:05:11.997637Z","level":"info","event":"","logger":"task.stdout"}
{"timestamp":"2025-12-26T10:05:11.997885Z","level":"info","event":"Export de la table 'users'...","logger":"task.stdout"}
{"timestamp":"2025-12-26T10:05:11.998173Z","level":"info","event":"Connexion à PostgreSQL...","logger":"task.stdout"}
{"timestamp":"2025-12-26T10:05:11.998402Z","level":"info","event":"Erreur de connexion PostgreSQL : connection to server at \"localhost\" (::1), port 5432 failed: Connection refused","logger":"task.stdout"}
{"timestamp":"2025-12-26T10:05:11.998671Z","level":"info","event":"\tIs the server running on that host and accepting TCP/IP connections?","logger":"task.stdout"}
{"timestamp":"2025-12-26T10:05:11.998921Z","level":"info","event":"connection to server at \"localhost\" (127.0.0.1), port 5432 failed: Connection refused","logger":"task.stdout"}
{"timestamp":"2025-12-26T10:05:11.999183Z","level":"info","event":"\tIs the server running on that host and accepting TCP/IP connections?","logger":"task.stdout"}
{"timestamp":"2025-12-26T10:05:11.999476Z","level":"info","event":"","logger":"task.stdout"}
{"timestamp":"2025-12-26T10:05:11.999696Z","level":"info","event":"","logger":"task.stdout"}
{"timestamp":"2025-12-26T10:05:11.999983Z","level":"info","event":"","logger":"task.stdout"}
{"timestamp":"2025-12-26T10:05:12.000373Z","level":"info","event":"stderr:","logger":"task.stdout"}
{"timestamp":"2025-12-26T10:05:12.000714Z","level":"info","event":"<empty>","logger":"task.stdout"}
