{"timestamp":"2025-12-26T10:12:23.796429Z","level":"info","event":"DAG bundles loaded: dags-folder, example_dags","logger":"airflow.dag_processing.bundles.manager.DagBundlesManager","filename":"manager.py","lineno":179}
{"timestamp":"2025-12-26T10:12:23.797684Z","level":"info","event":"Filling up the DagBag from /opt/airflow/dags/shopstream_daily_pipeline.py","logger":"airflow.models.dagbag.DagBag","filename":"dagbag.py","lineno":593}
{"timestamp":"2025-12-26T10:12:24.164253Z","level":"info","event":"Task instance is in running state","logger":"task.stdout"}
{"timestamp":"2025-12-26T10:12:24.165168Z","level":"info","event":" Previous state of the Task instance: TaskInstanceState.QUEUED","logger":"task.stdout"}
{"timestamp":"2025-12-26T10:12:24.165620Z","level":"info","event":"Current task name:extract_postgres_to_s3","logger":"task.stdout"}
{"timestamp":"2025-12-26T10:12:24.166119Z","level":"info","event":"Dag name:shopstream_daily_pipeline","logger":"task.stdout"}
{"timestamp":"2025-12-26T10:12:24.166706Z","level":"info","event":"Extraction PostgreSQL vers S3 pour 2025-12-26","logger":"task.stdout"}
{"timestamp":"2025-12-26T10:12:24.168015Z","level":"info","event":"Running export command: /usr/python/bin/python3.12 -u /opt/airflow/scripts/export_to_s3.py","logger":"task.stdout"}
{"timestamp":"2025-12-26T10:12:25.174720Z","level":"info","event":"export stdout:","logger":"task.stdout"}
{"timestamp":"2025-12-26T10:12:25.175374Z","level":"info","event":"======================================================================","logger":"task.stdout"}
{"timestamp":"2025-12-26T10:12:25.175693Z","level":"info","event":"EXPORT POSTGRESQL vers S3","logger":"task.stdout"}
{"timestamp":"2025-12-26T10:12:25.176067Z","level":"info","event":"======================================================================","logger":"task.stdout"}
{"timestamp":"2025-12-26T10:12:25.176399Z","level":"info","event":"","logger":"task.stdout"}
{"timestamp":"2025-12-26T10:12:25.176830Z","level":"info","event":"Date de partition : 2025-12-26","logger":"task.stdout"}
{"timestamp":"2025-12-26T10:12:25.177145Z","level":"info","event":"","logger":"task.stdout"}
{"timestamp":"2025-12-26T10:12:25.177462Z","level":"info","event":"Export de la table 'users'...","logger":"task.stdout"}
{"timestamp":"2025-12-26T10:12:25.177823Z","level":"info","event":"Connexion à PostgreSQL...","logger":"task.stdout"}
{"timestamp":"2025-12-26T10:12:25.178171Z","level":"info","event":"Erreur de connexion PostgreSQL : connection to server at \"localhost\" (::1), port 5432 failed: Connection refused","logger":"task.stdout"}
{"timestamp":"2025-12-26T10:12:25.178562Z","level":"info","event":"\tIs the server running on that host and accepting TCP/IP connections?","logger":"task.stdout"}
{"timestamp":"2025-12-26T10:12:25.179031Z","level":"info","event":"connection to server at \"localhost\" (127.0.0.1), port 5432 failed: Connection refused","logger":"task.stdout"}
{"timestamp":"2025-12-26T10:12:25.179440Z","level":"info","event":"\tIs the server running on that host and accepting TCP/IP connections?","logger":"task.stdout"}
{"timestamp":"2025-12-26T10:12:25.179780Z","level":"info","event":"","logger":"task.stdout"}
{"timestamp":"2025-12-26T10:12:25.180191Z","level":"info","event":"","logger":"task.stdout"}
{"timestamp":"2025-12-26T10:12:25.174687Z","level":"error","event":"Task failed with exception","logger":"task","filename":"task_runner.py","lineno":1008,"error_detail":[{"exc_type":"Exception","exc_value":"Erreur lors de l'export : returncode=1\nstdout:\n======================================================================\nEXPORT POSTGRESQL vers S3\n======================================================================\n\nDate de partition : 2025-12-26\n\nExport de la table 'users'...\nConnexion à PostgreSQL...\nErreur de connexion PostgreSQL : connection to server at \"localhost\" (::1), port 5432 failed: Connection refused\n\tIs the server running on that host and accepting TCP/IP connections?\nconnection to server at \"localhost\" (127.0.0.1), port 5432 failed: Connection refused\n\tIs the server running on that host and accepting TCP/IP connections?\n\n\n\nstderr:\n<empty>","exc_notes":[],"syntax_error":null,"is_cause":false,"frames":[{"filename":"/home/airflow/.local/lib/python3.12/site-packages/airflow/sdk/execution_time/task_runner.py","lineno":934,"name":"run"},{"filename":"/home/airflow/.local/lib/python3.12/site-packages/airflow/sdk/execution_time/task_runner.py","lineno":1320,"name":"_execute_task"},{"filename":"/home/airflow/.local/lib/python3.12/site-packages/airflow/sdk/bases/operator.py","lineno":417,"name":"wrapper"},{"filename":"/home/airflow/.local/lib/python3.12/site-packages/airflow/providers/standard/operators/python.py","lineno":215,"name":"execute"},{"filename":"/home/airflow/.local/lib/python3.12/site-packages/airflow/providers/standard/operators/python.py","lineno":238,"name":"execute_callable"},{"filename":"/home/airflow/.local/lib/python3.12/site-packages/airflow/sdk/execution_time/callback_runner.py","lineno":82,"name":"run"},{"filename":"/opt/airflow/dags/shopstream_daily_pipeline.py","lineno":123,"name":"extract_postgres_to_s3"}],"is_group":false,"exceptions":[]}]}
{"timestamp":"2025-12-26T10:12:25.214176Z","level":"info","event":"Task instance in failure state","logger":"task.stdout"}
{"timestamp":"2025-12-26T10:12:25.214802Z","level":"info","event":"Task start","logger":"task.stdout"}
{"timestamp":"2025-12-26T10:12:25.215159Z","level":"info","event":"Task:<Task(PythonOperator): extract_postgres_to_s3>","logger":"task.stdout"}
{"timestamp":"2025-12-26T10:12:25.215517Z","level":"info","event":"Failure caused by Erreur lors de l'export : returncode=1","logger":"task.stdout"}
{"timestamp":"2025-12-26T10:12:25.215829Z","level":"info","event":"stdout:","logger":"task.stdout"}
{"timestamp":"2025-12-26T10:12:25.216200Z","level":"info","event":"======================================================================","logger":"task.stdout"}
{"timestamp":"2025-12-26T10:12:25.216546Z","level":"info","event":"EXPORT POSTGRESQL vers S3","logger":"task.stdout"}
{"timestamp":"2025-12-26T10:12:25.216801Z","level":"info","event":"======================================================================","logger":"task.stdout"}
{"timestamp":"2025-12-26T10:12:25.217026Z","level":"info","event":"","logger":"task.stdout"}
{"timestamp":"2025-12-26T10:12:25.217293Z","level":"info","event":"Date de partition : 2025-12-26","logger":"task.stdout"}
{"timestamp":"2025-12-26T10:12:25.217685Z","level":"info","event":"","logger":"task.stdout"}
{"timestamp":"2025-12-26T10:12:25.217960Z","level":"info","event":"Export de la table 'users'...","logger":"task.stdout"}
{"timestamp":"2025-12-26T10:12:25.218204Z","level":"info","event":"Connexion à PostgreSQL...","logger":"task.stdout"}
{"timestamp":"2025-12-26T10:12:25.218448Z","level":"info","event":"Erreur de connexion PostgreSQL : connection to server at \"localhost\" (::1), port 5432 failed: Connection refused","logger":"task.stdout"}
{"timestamp":"2025-12-26T10:12:25.218646Z","level":"info","event":"\tIs the server running on that host and accepting TCP/IP connections?","logger":"task.stdout"}
{"timestamp":"2025-12-26T10:12:25.218841Z","level":"info","event":"connection to server at \"localhost\" (127.0.0.1), port 5432 failed: Connection refused","logger":"task.stdout"}
{"timestamp":"2025-12-26T10:12:25.219070Z","level":"info","event":"\tIs the server running on that host and accepting TCP/IP connections?","logger":"task.stdout"}
{"timestamp":"2025-12-26T10:12:25.219425Z","level":"info","event":"","logger":"task.stdout"}
{"timestamp":"2025-12-26T10:12:25.219702Z","level":"info","event":"","logger":"task.stdout"}
{"timestamp":"2025-12-26T10:12:25.219968Z","level":"info","event":"","logger":"task.stdout"}
{"timestamp":"2025-12-26T10:12:25.220266Z","level":"info","event":"stderr:","logger":"task.stdout"}
{"timestamp":"2025-12-26T10:12:25.220603Z","level":"info","event":"<empty>","logger":"task.stdout"}
