{"timestamp":"2025-12-26T10:17:13.022085Z","level":"info","event":"DAG bundles loaded: dags-folder, example_dags","logger":"airflow.dag_processing.bundles.manager.DagBundlesManager","filename":"manager.py","lineno":179}
{"timestamp":"2025-12-26T10:17:13.023295Z","level":"info","event":"Filling up the DagBag from /opt/airflow/dags/shopstream_daily_pipeline.py","logger":"airflow.models.dagbag.DagBag","filename":"dagbag.py","lineno":593}
{"timestamp":"2025-12-26T10:17:13.400992Z","level":"info","event":"Task instance is in running state","logger":"task.stdout"}
{"timestamp":"2025-12-26T10:17:13.401852Z","level":"info","event":" Previous state of the Task instance: TaskInstanceState.QUEUED","logger":"task.stdout"}
{"timestamp":"2025-12-26T10:17:13.402220Z","level":"info","event":"Current task name:extract_postgres_to_s3","logger":"task.stdout"}
{"timestamp":"2025-12-26T10:17:13.402530Z","level":"info","event":"Dag name:shopstream_daily_pipeline","logger":"task.stdout"}
{"timestamp":"2025-12-26T10:17:13.402990Z","level":"info","event":"Extraction PostgreSQL vers S3 pour 2025-12-26","logger":"task.stdout"}
{"timestamp":"2025-12-26T10:17:13.404323Z","level":"info","event":"Running export command: /usr/python/bin/python3.12 -u /opt/airflow/scripts/export_to_s3.py","logger":"task.stdout"}
{"timestamp":"2025-12-26T10:17:14.264417Z","level":"info","event":"export stdout:","logger":"task.stdout"}
{"timestamp":"2025-12-26T10:17:14.264925Z","level":"info","event":"======================================================================","logger":"task.stdout"}
{"timestamp":"2025-12-26T10:17:14.265333Z","level":"info","event":"EXPORT POSTGRESQL vers S3","logger":"task.stdout"}
{"timestamp":"2025-12-26T10:17:14.265794Z","level":"info","event":"======================================================================","logger":"task.stdout"}
{"timestamp":"2025-12-26T10:17:14.266269Z","level":"info","event":"","logger":"task.stdout"}
{"timestamp":"2025-12-26T10:17:14.266660Z","level":"info","event":"Date de partition : 2025-12-26","logger":"task.stdout"}
{"timestamp":"2025-12-26T10:17:14.266965Z","level":"info","event":"","logger":"task.stdout"}
{"timestamp":"2025-12-26T10:17:14.267216Z","level":"info","event":"Export de la table 'users'...","logger":"task.stdout"}
{"timestamp":"2025-12-26T10:17:14.267471Z","level":"info","event":"Connexion à PostgreSQL...","logger":"task.stdout"}
{"timestamp":"2025-12-26T10:17:14.267758Z","level":"info","event":"Erreur de connexion PostgreSQL : connection to server at \"localhost\" (::1), port 5432 failed: Connection refused","logger":"task.stdout"}
{"timestamp":"2025-12-26T10:17:14.268119Z","level":"info","event":"\tIs the server running on that host and accepting TCP/IP connections?","logger":"task.stdout"}
{"timestamp":"2025-12-26T10:17:14.268443Z","level":"info","event":"connection to server at \"localhost\" (127.0.0.1), port 5432 failed: Connection refused","logger":"task.stdout"}
{"timestamp":"2025-12-26T10:17:14.268798Z","level":"info","event":"\tIs the server running on that host and accepting TCP/IP connections?","logger":"task.stdout"}
{"timestamp":"2025-12-26T10:17:14.269144Z","level":"info","event":"","logger":"task.stdout"}
{"timestamp":"2025-12-26T10:17:14.269447Z","level":"info","event":"","logger":"task.stdout"}
{"timestamp":"2025-12-26T10:17:14.264469Z","level":"error","event":"Task failed with exception","logger":"task","filename":"task_runner.py","lineno":1008,"error_detail":[{"exc_type":"Exception","exc_value":"Erreur lors de l'export : returncode=1\nstdout:\n======================================================================\nEXPORT POSTGRESQL vers S3\n======================================================================\n\nDate de partition : 2025-12-26\n\nExport de la table 'users'...\nConnexion à PostgreSQL...\nErreur de connexion PostgreSQL : connection to server at \"localhost\" (::1), port 5432 failed: Connection refused\n\tIs the server running on that host and accepting TCP/IP connections?\nconnection to server at \"localhost\" (127.0.0.1), port 5432 failed: Connection refused\n\tIs the server running on that host and accepting TCP/IP connections?\n\n\n\nstderr:\n<empty>","exc_notes":[],"syntax_error":null,"is_cause":false,"frames":[{"filename":"/home/airflow/.local/lib/python3.12/site-packages/airflow/sdk/execution_time/task_runner.py","lineno":934,"name":"run"},{"filename":"/home/airflow/.local/lib/python3.12/site-packages/airflow/sdk/execution_time/task_runner.py","lineno":1320,"name":"_execute_task"},{"filename":"/home/airflow/.local/lib/python3.12/site-packages/airflow/sdk/bases/operator.py","lineno":417,"name":"wrapper"},{"filename":"/home/airflow/.local/lib/python3.12/site-packages/airflow/providers/standard/operators/python.py","lineno":215,"name":"execute"},{"filename":"/home/airflow/.local/lib/python3.12/site-packages/airflow/providers/standard/operators/python.py","lineno":238,"name":"execute_callable"},{"filename":"/home/airflow/.local/lib/python3.12/site-packages/airflow/sdk/execution_time/callback_runner.py","lineno":82,"name":"run"},{"filename":"/opt/airflow/dags/shopstream_daily_pipeline.py","lineno":123,"name":"extract_postgres_to_s3"}],"is_group":false,"exceptions":[]}]}
{"timestamp":"2025-12-26T10:17:14.299201Z","level":"info","event":"Task instance in failure state","logger":"task.stdout"}
{"timestamp":"2025-12-26T10:17:14.299829Z","level":"info","event":"Task start","logger":"task.stdout"}
{"timestamp":"2025-12-26T10:17:14.300331Z","level":"info","event":"Task:<Task(PythonOperator): extract_postgres_to_s3>","logger":"task.stdout"}
{"timestamp":"2025-12-26T10:17:14.300713Z","level":"info","event":"Failure caused by Erreur lors de l'export : returncode=1","logger":"task.stdout"}
{"timestamp":"2025-12-26T10:17:14.301008Z","level":"info","event":"stdout:","logger":"task.stdout"}
{"timestamp":"2025-12-26T10:17:14.301362Z","level":"info","event":"======================================================================","logger":"task.stdout"}
{"timestamp":"2025-12-26T10:17:14.301749Z","level":"info","event":"EXPORT POSTGRESQL vers S3","logger":"task.stdout"}
{"timestamp":"2025-12-26T10:17:14.302021Z","level":"info","event":"======================================================================","logger":"task.stdout"}
{"timestamp":"2025-12-26T10:17:14.302253Z","level":"info","event":"","logger":"task.stdout"}
{"timestamp":"2025-12-26T10:17:14.302480Z","level":"info","event":"Date de partition : 2025-12-26","logger":"task.stdout"}
{"timestamp":"2025-12-26T10:17:14.302762Z","level":"info","event":"","logger":"task.stdout"}
{"timestamp":"2025-12-26T10:17:14.303247Z","level":"info","event":"Export de la table 'users'...","logger":"task.stdout"}
{"timestamp":"2025-12-26T10:17:14.303568Z","level":"info","event":"Connexion à PostgreSQL...","logger":"task.stdout"}
{"timestamp":"2025-12-26T10:17:14.303938Z","level":"info","event":"Erreur de connexion PostgreSQL : connection to server at \"localhost\" (::1), port 5432 failed: Connection refused","logger":"task.stdout"}
{"timestamp":"2025-12-26T10:17:14.304376Z","level":"info","event":"\tIs the server running on that host and accepting TCP/IP connections?","logger":"task.stdout"}
{"timestamp":"2025-12-26T10:17:14.304790Z","level":"info","event":"connection to server at \"localhost\" (127.0.0.1), port 5432 failed: Connection refused","logger":"task.stdout"}
{"timestamp":"2025-12-26T10:17:14.305238Z","level":"info","event":"\tIs the server running on that host and accepting TCP/IP connections?","logger":"task.stdout"}
{"timestamp":"2025-12-26T10:17:14.305591Z","level":"info","event":"","logger":"task.stdout"}
{"timestamp":"2025-12-26T10:17:14.305915Z","level":"info","event":"","logger":"task.stdout"}
{"timestamp":"2025-12-26T10:17:14.306193Z","level":"info","event":"","logger":"task.stdout"}
{"timestamp":"2025-12-26T10:17:14.306468Z","level":"info","event":"stderr:","logger":"task.stdout"}
{"timestamp":"2025-12-26T10:17:14.306727Z","level":"info","event":"<empty>","logger":"task.stdout"}
