{"timestamp":"2025-12-26T10:15:56.354953Z","level":"info","event":"DAG bundles loaded: dags-folder, example_dags","logger":"airflow.dag_processing.bundles.manager.DagBundlesManager","filename":"manager.py","lineno":179}
{"timestamp":"2025-12-26T10:15:56.356147Z","level":"info","event":"Filling up the DagBag from /opt/airflow/dags/shopstream_daily_pipeline.py","logger":"airflow.models.dagbag.DagBag","filename":"dagbag.py","lineno":593}
{"timestamp":"2025-12-26T10:15:56.577493Z","level":"info","event":"Task instance is in running state","logger":"task.stdout"}
{"timestamp":"2025-12-26T10:15:56.578379Z","level":"info","event":" Previous state of the Task instance: TaskInstanceState.QUEUED","logger":"task.stdout"}
{"timestamp":"2025-12-26T10:15:56.578782Z","level":"info","event":"Current task name:extract_postgres_to_s3","logger":"task.stdout"}
{"timestamp":"2025-12-26T10:15:56.579033Z","level":"info","event":"Dag name:shopstream_daily_pipeline","logger":"task.stdout"}
{"timestamp":"2025-12-26T10:15:56.579250Z","level":"info","event":"Extraction PostgreSQL vers S3 pour 2025-12-26","logger":"task.stdout"}
{"timestamp":"2025-12-26T10:15:56.579939Z","level":"info","event":"Running export command: /usr/python/bin/python3.12 -u /opt/airflow/scripts/export_to_s3.py","logger":"task.stdout"}
{"timestamp":"2025-12-26T10:15:57.216341Z","level":"info","event":"export stdout:","logger":"task.stdout"}
{"timestamp":"2025-12-26T10:15:57.216795Z","level":"info","event":"======================================================================","logger":"task.stdout"}
{"timestamp":"2025-12-26T10:15:57.217057Z","level":"info","event":"EXPORT POSTGRESQL vers S3","logger":"task.stdout"}
{"timestamp":"2025-12-26T10:15:57.217362Z","level":"info","event":"======================================================================","logger":"task.stdout"}
{"timestamp":"2025-12-26T10:15:57.217702Z","level":"info","event":"","logger":"task.stdout"}
{"timestamp":"2025-12-26T10:15:57.218161Z","level":"info","event":"Date de partition : 2025-12-26","logger":"task.stdout"}
{"timestamp":"2025-12-26T10:15:57.218591Z","level":"info","event":"","logger":"task.stdout"}
{"timestamp":"2025-12-26T10:15:57.219751Z","level":"info","event":"Export de la table 'users'...","logger":"task.stdout"}
{"timestamp":"2025-12-26T10:15:57.220091Z","level":"info","event":"Connexion à PostgreSQL...","logger":"task.stdout"}
{"timestamp":"2025-12-26T10:15:57.220374Z","level":"info","event":"Erreur de connexion PostgreSQL : connection to server at \"localhost\" (::1), port 5432 failed: Connection refused","logger":"task.stdout"}
{"timestamp":"2025-12-26T10:15:57.220707Z","level":"info","event":"\tIs the server running on that host and accepting TCP/IP connections?","logger":"task.stdout"}
{"timestamp":"2025-12-26T10:15:57.221149Z","level":"info","event":"connection to server at \"localhost\" (127.0.0.1), port 5432 failed: Connection refused","logger":"task.stdout"}
{"timestamp":"2025-12-26T10:15:57.221393Z","level":"info","event":"\tIs the server running on that host and accepting TCP/IP connections?","logger":"task.stdout"}
{"timestamp":"2025-12-26T10:15:57.221611Z","level":"info","event":"","logger":"task.stdout"}
{"timestamp":"2025-12-26T10:15:57.221766Z","level":"info","event":"","logger":"task.stdout"}
{"timestamp":"2025-12-26T10:15:57.216341Z","level":"error","event":"Task failed with exception","logger":"task","filename":"task_runner.py","lineno":1008,"error_detail":[{"exc_type":"Exception","exc_value":"Erreur lors de l'export : returncode=1\nstdout:\n======================================================================\nEXPORT POSTGRESQL vers S3\n======================================================================\n\nDate de partition : 2025-12-26\n\nExport de la table 'users'...\nConnexion à PostgreSQL...\nErreur de connexion PostgreSQL : connection to server at \"localhost\" (::1), port 5432 failed: Connection refused\n\tIs the server running on that host and accepting TCP/IP connections?\nconnection to server at \"localhost\" (127.0.0.1), port 5432 failed: Connection refused\n\tIs the server running on that host and accepting TCP/IP connections?\n\n\n\nstderr:\n<empty>","exc_notes":[],"syntax_error":null,"is_cause":false,"frames":[{"filename":"/home/airflow/.local/lib/python3.12/site-packages/airflow/sdk/execution_time/task_runner.py","lineno":934,"name":"run"},{"filename":"/home/airflow/.local/lib/python3.12/site-packages/airflow/sdk/execution_time/task_runner.py","lineno":1320,"name":"_execute_task"},{"filename":"/home/airflow/.local/lib/python3.12/site-packages/airflow/sdk/bases/operator.py","lineno":417,"name":"wrapper"},{"filename":"/home/airflow/.local/lib/python3.12/site-packages/airflow/providers/standard/operators/python.py","lineno":215,"name":"execute"},{"filename":"/home/airflow/.local/lib/python3.12/site-packages/airflow/providers/standard/operators/python.py","lineno":238,"name":"execute_callable"},{"filename":"/home/airflow/.local/lib/python3.12/site-packages/airflow/sdk/execution_time/callback_runner.py","lineno":82,"name":"run"},{"filename":"/opt/airflow/dags/shopstream_daily_pipeline.py","lineno":123,"name":"extract_postgres_to_s3"}],"is_group":false,"exceptions":[]}]}
{"timestamp":"2025-12-26T10:15:57.242338Z","level":"info","event":"Task instance in failure state","logger":"task.stdout"}
{"timestamp":"2025-12-26T10:15:57.242800Z","level":"info","event":"Task start","logger":"task.stdout"}
{"timestamp":"2025-12-26T10:15:57.243159Z","level":"info","event":"Task:<Task(PythonOperator): extract_postgres_to_s3>","logger":"task.stdout"}
{"timestamp":"2025-12-26T10:15:57.243514Z","level":"info","event":"Failure caused by Erreur lors de l'export : returncode=1","logger":"task.stdout"}
{"timestamp":"2025-12-26T10:15:57.243787Z","level":"info","event":"stdout:","logger":"task.stdout"}
{"timestamp":"2025-12-26T10:15:57.244298Z","level":"info","event":"======================================================================","logger":"task.stdout"}
{"timestamp":"2025-12-26T10:15:57.244825Z","level":"info","event":"EXPORT POSTGRESQL vers S3","logger":"task.stdout"}
{"timestamp":"2025-12-26T10:15:57.245084Z","level":"info","event":"======================================================================","logger":"task.stdout"}
{"timestamp":"2025-12-26T10:15:57.245329Z","level":"info","event":"","logger":"task.stdout"}
{"timestamp":"2025-12-26T10:15:57.245553Z","level":"info","event":"Date de partition : 2025-12-26","logger":"task.stdout"}
{"timestamp":"2025-12-26T10:15:57.245837Z","level":"info","event":"","logger":"task.stdout"}
{"timestamp":"2025-12-26T10:15:57.246115Z","level":"info","event":"Export de la table 'users'...","logger":"task.stdout"}
{"timestamp":"2025-12-26T10:15:57.246352Z","level":"info","event":"Connexion à PostgreSQL...","logger":"task.stdout"}
{"timestamp":"2025-12-26T10:15:57.246521Z","level":"info","event":"Erreur de connexion PostgreSQL : connection to server at \"localhost\" (::1), port 5432 failed: Connection refused","logger":"task.stdout"}
{"timestamp":"2025-12-26T10:15:57.246811Z","level":"info","event":"\tIs the server running on that host and accepting TCP/IP connections?","logger":"task.stdout"}
{"timestamp":"2025-12-26T10:15:57.247178Z","level":"info","event":"connection to server at \"localhost\" (127.0.0.1), port 5432 failed: Connection refused","logger":"task.stdout"}
{"timestamp":"2025-12-26T10:15:57.247598Z","level":"info","event":"\tIs the server running on that host and accepting TCP/IP connections?","logger":"task.stdout"}
{"timestamp":"2025-12-26T10:15:57.247911Z","level":"info","event":"","logger":"task.stdout"}
{"timestamp":"2025-12-26T10:15:57.248350Z","level":"info","event":"","logger":"task.stdout"}
{"timestamp":"2025-12-26T10:15:57.249138Z","level":"info","event":"","logger":"task.stdout"}
{"timestamp":"2025-12-26T10:15:57.249476Z","level":"info","event":"stderr:","logger":"task.stdout"}
{"timestamp":"2025-12-26T10:15:57.249889Z","level":"info","event":"<empty>","logger":"task.stdout"}
