{"timestamp":"2025-12-26T10:26:33.873959Z","level":"info","event":"DAG bundles loaded: dags-folder, example_dags","logger":"airflow.dag_processing.bundles.manager.DagBundlesManager","filename":"manager.py","lineno":179}
{"timestamp":"2025-12-26T10:26:33.874966Z","level":"info","event":"Filling up the DagBag from /opt/airflow/dags/shopstream_daily_pipeline.py","logger":"airflow.models.dagbag.DagBag","filename":"dagbag.py","lineno":593}
{"timestamp":"2025-12-26T10:26:34.121635Z","level":"info","event":"Task instance is in running state","logger":"task.stdout"}
{"timestamp":"2025-12-26T10:26:34.122280Z","level":"info","event":" Previous state of the Task instance: TaskInstanceState.QUEUED","logger":"task.stdout"}
{"timestamp":"2025-12-26T10:26:34.122813Z","level":"info","event":"Current task name:extract_postgres_to_s3","logger":"task.stdout"}
{"timestamp":"2025-12-26T10:26:34.123228Z","level":"info","event":"Dag name:shopstream_daily_pipeline","logger":"task.stdout"}
{"timestamp":"2025-12-26T10:26:34.123903Z","level":"info","event":"Extraction PostgreSQL vers S3 pour 2025-12-26","logger":"task.stdout"}
{"timestamp":"2025-12-26T10:26:34.124551Z","level":"info","event":"Running export command: /usr/python/bin/python3.12 -u /opt/airflow/scripts/export_to_s3.py","logger":"task.stdout"}
{"timestamp":"2025-12-26T10:26:34.124763Z","level":"info","event":"Detected Docker runtime. Defaulting to host.docker.internal for Postgres host (override with DB_HOST env var). Using: host.docker.internal","logger":"task.stdout"}
{"timestamp":"2025-12-26T10:26:35.021096Z","level":"info","event":"export stdout:","logger":"task.stdout"}
{"timestamp":"2025-12-26T10:26:35.021740Z","level":"info","event":"======================================================================","logger":"task.stdout"}
{"timestamp":"2025-12-26T10:26:35.022237Z","level":"info","event":"EXPORT POSTGRESQL vers S3","logger":"task.stdout"}
{"timestamp":"2025-12-26T10:26:35.022716Z","level":"info","event":"======================================================================","logger":"task.stdout"}
{"timestamp":"2025-12-26T10:26:35.023244Z","level":"info","event":"","logger":"task.stdout"}
{"timestamp":"2025-12-26T10:26:35.023688Z","level":"info","event":"Date de partition : 2025-12-26","logger":"task.stdout"}
{"timestamp":"2025-12-26T10:26:35.024274Z","level":"info","event":"","logger":"task.stdout"}
{"timestamp":"2025-12-26T10:26:35.024663Z","level":"info","event":"Export de la table 'users'...","logger":"task.stdout"}
{"timestamp":"2025-12-26T10:26:35.025244Z","level":"info","event":"Connexion à PostgreSQL...","logger":"task.stdout"}
{"timestamp":"2025-12-26T10:26:35.025607Z","level":"info","event":"Erreur de connexion PostgreSQL : connection to server at \"localhost\" (::1), port 5432 failed: Connection refused","logger":"task.stdout"}
{"timestamp":"2025-12-26T10:26:35.026003Z","level":"info","event":"\tIs the server running on that host and accepting TCP/IP connections?","logger":"task.stdout"}
{"timestamp":"2025-12-26T10:26:35.026344Z","level":"info","event":"connection to server at \"localhost\" (127.0.0.1), port 5432 failed: Connection refused","logger":"task.stdout"}
{"timestamp":"2025-12-26T10:26:35.026829Z","level":"info","event":"\tIs the server running on that host and accepting TCP/IP connections?","logger":"task.stdout"}
{"timestamp":"2025-12-26T10:26:35.027186Z","level":"info","event":"","logger":"task.stdout"}
{"timestamp":"2025-12-26T10:26:35.027533Z","level":"info","event":"","logger":"task.stdout"}
{"timestamp":"2025-12-26T10:26:35.021133Z","level":"error","event":"Task failed with exception","logger":"task","filename":"task_runner.py","lineno":1008,"error_detail":[{"exc_type":"Exception","exc_value":"Erreur lors de l'export : returncode=1\nstdout:\n======================================================================\nEXPORT POSTGRESQL vers S3\n======================================================================\n\nDate de partition : 2025-12-26\n\nExport de la table 'users'...\nConnexion à PostgreSQL...\nErreur de connexion PostgreSQL : connection to server at \"localhost\" (::1), port 5432 failed: Connection refused\n\tIs the server running on that host and accepting TCP/IP connections?\nconnection to server at \"localhost\" (127.0.0.1), port 5432 failed: Connection refused\n\tIs the server running on that host and accepting TCP/IP connections?\n\n\n\nstderr:\n<empty>","exc_notes":[],"syntax_error":null,"is_cause":false,"frames":[{"filename":"/home/airflow/.local/lib/python3.12/site-packages/airflow/sdk/execution_time/task_runner.py","lineno":934,"name":"run"},{"filename":"/home/airflow/.local/lib/python3.12/site-packages/airflow/sdk/execution_time/task_runner.py","lineno":1320,"name":"_execute_task"},{"filename":"/home/airflow/.local/lib/python3.12/site-packages/airflow/sdk/bases/operator.py","lineno":417,"name":"wrapper"},{"filename":"/home/airflow/.local/lib/python3.12/site-packages/airflow/providers/standard/operators/python.py","lineno":215,"name":"execute"},{"filename":"/home/airflow/.local/lib/python3.12/site-packages/airflow/providers/standard/operators/python.py","lineno":238,"name":"execute_callable"},{"filename":"/home/airflow/.local/lib/python3.12/site-packages/airflow/sdk/execution_time/callback_runner.py","lineno":82,"name":"run"},{"filename":"/opt/airflow/dags/shopstream_daily_pipeline.py","lineno":169,"name":"extract_postgres_to_s3"}],"is_group":false,"exceptions":[]}]}
{"timestamp":"2025-12-26T10:26:35.055552Z","level":"info","event":"Task instance in failure state","logger":"task.stdout"}
{"timestamp":"2025-12-26T10:26:35.056041Z","level":"info","event":"Task start","logger":"task.stdout"}
{"timestamp":"2025-12-26T10:26:35.056437Z","level":"info","event":"Task:<Task(PythonOperator): extract_postgres_to_s3>","logger":"task.stdout"}
{"timestamp":"2025-12-26T10:26:35.056803Z","level":"info","event":"Failure caused by Erreur lors de l'export : returncode=1","logger":"task.stdout"}
{"timestamp":"2025-12-26T10:26:35.057152Z","level":"info","event":"stdout:","logger":"task.stdout"}
{"timestamp":"2025-12-26T10:26:35.057446Z","level":"info","event":"======================================================================","logger":"task.stdout"}
{"timestamp":"2025-12-26T10:26:35.057875Z","level":"info","event":"EXPORT POSTGRESQL vers S3","logger":"task.stdout"}
{"timestamp":"2025-12-26T10:26:35.058170Z","level":"info","event":"======================================================================","logger":"task.stdout"}
{"timestamp":"2025-12-26T10:26:35.058693Z","level":"info","event":"","logger":"task.stdout"}
{"timestamp":"2025-12-26T10:26:35.059066Z","level":"info","event":"Date de partition : 2025-12-26","logger":"task.stdout"}
{"timestamp":"2025-12-26T10:26:35.059350Z","level":"info","event":"","logger":"task.stdout"}
{"timestamp":"2025-12-26T10:26:35.059654Z","level":"info","event":"Export de la table 'users'...","logger":"task.stdout"}
{"timestamp":"2025-12-26T10:26:35.059936Z","level":"info","event":"Connexion à PostgreSQL...","logger":"task.stdout"}
{"timestamp":"2025-12-26T10:26:35.060211Z","level":"info","event":"Erreur de connexion PostgreSQL : connection to server at \"localhost\" (::1), port 5432 failed: Connection refused","logger":"task.stdout"}
{"timestamp":"2025-12-26T10:26:35.060442Z","level":"info","event":"\tIs the server running on that host and accepting TCP/IP connections?","logger":"task.stdout"}
{"timestamp":"2025-12-26T10:26:35.060732Z","level":"info","event":"connection to server at \"localhost\" (127.0.0.1), port 5432 failed: Connection refused","logger":"task.stdout"}
{"timestamp":"2025-12-26T10:26:35.061122Z","level":"info","event":"\tIs the server running on that host and accepting TCP/IP connections?","logger":"task.stdout"}
{"timestamp":"2025-12-26T10:26:35.061418Z","level":"info","event":"","logger":"task.stdout"}
{"timestamp":"2025-12-26T10:26:35.061682Z","level":"info","event":"","logger":"task.stdout"}
{"timestamp":"2025-12-26T10:26:35.061969Z","level":"info","event":"","logger":"task.stdout"}
{"timestamp":"2025-12-26T10:26:35.062385Z","level":"info","event":"stderr:","logger":"task.stdout"}
{"timestamp":"2025-12-26T10:26:35.062783Z","level":"info","event":"<empty>","logger":"task.stdout"}
