{"timestamp":"2025-12-25T18:57:02.659923Z","level":"info","event":"DAG bundles loaded: dags-folder, example_dags","logger":"airflow.dag_processing.bundles.manager.DagBundlesManager","filename":"manager.py","lineno":179}
{"timestamp":"2025-12-25T18:57:02.661156Z","level":"info","event":"Filling up the DagBag from /opt/airflow/dags/shopstream_daily_pipeline.py","logger":"airflow.models.dagbag.DagBag","filename":"dagbag.py","lineno":593}
{"timestamp":"2025-12-25T18:57:03.074523Z","level":"info","event":"Task instance is in running state","logger":"task.stdout"}
{"timestamp":"2025-12-25T18:57:03.075309Z","level":"info","event":" Previous state of the Task instance: TaskInstanceState.QUEUED","logger":"task.stdout"}
{"timestamp":"2025-12-25T18:57:03.075890Z","level":"info","event":"Current task name:extract_postgres_to_s3","logger":"task.stdout"}
{"timestamp":"2025-12-25T18:57:03.076332Z","level":"info","event":"Dag name:shopstream_daily_pipeline","logger":"task.stdout"}
{"timestamp":"2025-12-25T18:57:03.077079Z","level":"info","event":"Extraction PostgreSQL vers S3 pour 2025-12-25","logger":"task.stdout"}
{"timestamp":"2025-12-25T18:57:03.079160Z","level":"info","event":"Running export command: /usr/python/bin/python3.12 -u /opt/airflow/scripts/export_to_s3.py","logger":"task.stdout"}
{"timestamp":"2025-12-25T18:57:04.224084Z","level":"info","event":"export stdout:","logger":"task.stdout"}
{"timestamp":"2025-12-25T18:57:04.224753Z","level":"info","event":"======================================================================","logger":"task.stdout"}
{"timestamp":"2025-12-25T18:57:04.225340Z","level":"info","event":"EXPORT POSTGRESQL vers S3","logger":"task.stdout"}
{"timestamp":"2025-12-25T18:57:04.225742Z","level":"info","event":"======================================================================","logger":"task.stdout"}
{"timestamp":"2025-12-25T18:57:04.226086Z","level":"info","event":"","logger":"task.stdout"}
{"timestamp":"2025-12-25T18:57:04.226383Z","level":"info","event":"Date de partition : 2025-12-25","logger":"task.stdout"}
{"timestamp":"2025-12-25T18:57:04.226743Z","level":"info","event":"","logger":"task.stdout"}
{"timestamp":"2025-12-25T18:57:04.227127Z","level":"info","event":"Export de la table 'users'...","logger":"task.stdout"}
{"timestamp":"2025-12-25T18:57:04.227496Z","level":"info","event":"Connexion à PostgreSQL...","logger":"task.stdout"}
{"timestamp":"2025-12-25T18:57:04.227871Z","level":"info","event":"Erreur de connexion PostgreSQL : connection to server at \"localhost\" (::1), port 5432 failed: Connection refused","logger":"task.stdout"}
{"timestamp":"2025-12-25T18:57:04.228265Z","level":"info","event":"\tIs the server running on that host and accepting TCP/IP connections?","logger":"task.stdout"}
{"timestamp":"2025-12-25T18:57:04.228707Z","level":"info","event":"connection to server at \"localhost\" (127.0.0.1), port 5432 failed: Connection refused","logger":"task.stdout"}
{"timestamp":"2025-12-25T18:57:04.229128Z","level":"info","event":"\tIs the server running on that host and accepting TCP/IP connections?","logger":"task.stdout"}
{"timestamp":"2025-12-25T18:57:04.229513Z","level":"info","event":"","logger":"task.stdout"}
{"timestamp":"2025-12-25T18:57:04.229827Z","level":"info","event":"","logger":"task.stdout"}
{"timestamp":"2025-12-25T18:57:04.224178Z","level":"error","event":"Task failed with exception","logger":"task","filename":"task_runner.py","lineno":1008,"error_detail":[{"exc_type":"Exception","exc_value":"Erreur lors de l'export : returncode=1\nstdout:\n======================================================================\nEXPORT POSTGRESQL vers S3\n======================================================================\n\nDate de partition : 2025-12-25\n\nExport de la table 'users'...\nConnexion à PostgreSQL...\nErreur de connexion PostgreSQL : connection to server at \"localhost\" (::1), port 5432 failed: Connection refused\n\tIs the server running on that host and accepting TCP/IP connections?\nconnection to server at \"localhost\" (127.0.0.1), port 5432 failed: Connection refused\n\tIs the server running on that host and accepting TCP/IP connections?\n\n\n\nstderr:\n<empty>","exc_notes":[],"syntax_error":null,"is_cause":false,"frames":[{"filename":"/home/airflow/.local/lib/python3.12/site-packages/airflow/sdk/execution_time/task_runner.py","lineno":934,"name":"run"},{"filename":"/home/airflow/.local/lib/python3.12/site-packages/airflow/sdk/execution_time/task_runner.py","lineno":1320,"name":"_execute_task"},{"filename":"/home/airflow/.local/lib/python3.12/site-packages/airflow/sdk/bases/operator.py","lineno":417,"name":"wrapper"},{"filename":"/home/airflow/.local/lib/python3.12/site-packages/airflow/providers/standard/operators/python.py","lineno":215,"name":"execute"},{"filename":"/home/airflow/.local/lib/python3.12/site-packages/airflow/providers/standard/operators/python.py","lineno":238,"name":"execute_callable"},{"filename":"/home/airflow/.local/lib/python3.12/site-packages/airflow/sdk/execution_time/callback_runner.py","lineno":82,"name":"run"},{"filename":"/opt/airflow/dags/shopstream_daily_pipeline.py","lineno":123,"name":"extract_postgres_to_s3"}],"is_group":false,"exceptions":[]}]}
{"timestamp":"2025-12-25T18:57:04.271448Z","level":"info","event":"Task instance in failure state","logger":"task.stdout"}
{"timestamp":"2025-12-25T18:57:04.272289Z","level":"info","event":"Task start","logger":"task.stdout"}
{"timestamp":"2025-12-25T18:57:04.272758Z","level":"info","event":"Task:<Task(PythonOperator): extract_postgres_to_s3>","logger":"task.stdout"}
{"timestamp":"2025-12-25T18:57:04.273179Z","level":"info","event":"Failure caused by Erreur lors de l'export : returncode=1","logger":"task.stdout"}
{"timestamp":"2025-12-25T18:57:04.273676Z","level":"info","event":"stdout:","logger":"task.stdout"}
{"timestamp":"2025-12-25T18:57:04.274261Z","level":"info","event":"======================================================================","logger":"task.stdout"}
{"timestamp":"2025-12-25T18:57:04.274732Z","level":"info","event":"EXPORT POSTGRESQL vers S3","logger":"task.stdout"}
{"timestamp":"2025-12-25T18:57:04.275254Z","level":"info","event":"======================================================================","logger":"task.stdout"}
{"timestamp":"2025-12-25T18:57:04.275702Z","level":"info","event":"","logger":"task.stdout"}
{"timestamp":"2025-12-25T18:57:04.276052Z","level":"info","event":"Date de partition : 2025-12-25","logger":"task.stdout"}
{"timestamp":"2025-12-25T18:57:04.276522Z","level":"info","event":"","logger":"task.stdout"}
{"timestamp":"2025-12-25T18:57:04.276920Z","level":"info","event":"Export de la table 'users'...","logger":"task.stdout"}
{"timestamp":"2025-12-25T18:57:04.277414Z","level":"info","event":"Connexion à PostgreSQL...","logger":"task.stdout"}
{"timestamp":"2025-12-25T18:57:04.277991Z","level":"info","event":"Erreur de connexion PostgreSQL : connection to server at \"localhost\" (::1), port 5432 failed: Connection refused","logger":"task.stdout"}
{"timestamp":"2025-12-25T18:57:04.278773Z","level":"info","event":"\tIs the server running on that host and accepting TCP/IP connections?","logger":"task.stdout"}
{"timestamp":"2025-12-25T18:57:04.279373Z","level":"info","event":"connection to server at \"localhost\" (127.0.0.1), port 5432 failed: Connection refused","logger":"task.stdout"}
{"timestamp":"2025-12-25T18:57:04.279843Z","level":"info","event":"\tIs the server running on that host and accepting TCP/IP connections?","logger":"task.stdout"}
{"timestamp":"2025-12-25T18:57:04.280257Z","level":"info","event":"","logger":"task.stdout"}
{"timestamp":"2025-12-25T18:57:04.280704Z","level":"info","event":"","logger":"task.stdout"}
{"timestamp":"2025-12-25T18:57:04.281225Z","level":"info","event":"","logger":"task.stdout"}
{"timestamp":"2025-12-25T18:57:04.281893Z","level":"info","event":"stderr:","logger":"task.stdout"}
{"timestamp":"2025-12-25T18:57:04.282361Z","level":"info","event":"<empty>","logger":"task.stdout"}
