{"timestamp":"2025-12-25T18:46:58.946709Z","level":"info","event":"DAG bundles loaded: dags-folder, example_dags","logger":"airflow.dag_processing.bundles.manager.DagBundlesManager","filename":"manager.py","lineno":179}
{"timestamp":"2025-12-25T18:46:58.949547Z","level":"info","event":"Filling up the DagBag from /opt/airflow/dags/shopstream_daily_pipeline.py","logger":"airflow.models.dagbag.DagBag","filename":"dagbag.py","lineno":593}
{"timestamp":"2025-12-25T18:46:59.888477Z","level":"info","event":"Task instance is in running state","logger":"task.stdout"}
{"timestamp":"2025-12-25T18:46:59.889939Z","level":"info","event":" Previous state of the Task instance: TaskInstanceState.QUEUED","logger":"task.stdout"}
{"timestamp":"2025-12-25T18:46:59.890719Z","level":"info","event":"Current task name:extract_postgres_to_s3","logger":"task.stdout"}
{"timestamp":"2025-12-25T18:46:59.891240Z","level":"info","event":"Dag name:shopstream_daily_pipeline","logger":"task.stdout"}
{"timestamp":"2025-12-25T18:46:59.892614Z","level":"info","event":"Extraction PostgreSQL vers S3 pour 2025-12-25","logger":"task.stdout"}
{"timestamp":"2025-12-25T18:46:59.895689Z","level":"info","event":"Running export command: /usr/python/bin/python3.12 -u /opt/airflow/scripts/export_to_s3.py","logger":"task.stdout"}
{"timestamp":"2025-12-25T18:47:01.419242Z","level":"info","event":"export stdout:","logger":"task.stdout"}
{"timestamp":"2025-12-25T18:47:01.420207Z","level":"info","event":"======================================================================","logger":"task.stdout"}
{"timestamp":"2025-12-25T18:47:01.420835Z","level":"info","event":"EXPORT POSTGRESQL vers S3","logger":"task.stdout"}
{"timestamp":"2025-12-25T18:47:01.421417Z","level":"info","event":"======================================================================","logger":"task.stdout"}
{"timestamp":"2025-12-25T18:47:01.421862Z","level":"info","event":"","logger":"task.stdout"}
{"timestamp":"2025-12-25T18:47:01.422308Z","level":"info","event":"Date de partition : 2025-12-25","logger":"task.stdout"}
{"timestamp":"2025-12-25T18:47:01.422664Z","level":"info","event":"","logger":"task.stdout"}
{"timestamp":"2025-12-25T18:47:01.423128Z","level":"info","event":"Export de la table 'users'...","logger":"task.stdout"}
{"timestamp":"2025-12-25T18:47:01.423563Z","level":"info","event":"Connexion à PostgreSQL...","logger":"task.stdout"}
{"timestamp":"2025-12-25T18:47:01.423987Z","level":"info","event":"Erreur de connexion PostgreSQL : connection to server at \"localhost\" (::1), port 5432 failed: Connection refused","logger":"task.stdout"}
{"timestamp":"2025-12-25T18:47:01.424563Z","level":"info","event":"\tIs the server running on that host and accepting TCP/IP connections?","logger":"task.stdout"}
{"timestamp":"2025-12-25T18:47:01.425394Z","level":"info","event":"connection to server at \"localhost\" (127.0.0.1), port 5432 failed: Connection refused","logger":"task.stdout"}
{"timestamp":"2025-12-25T18:47:01.425973Z","level":"info","event":"\tIs the server running on that host and accepting TCP/IP connections?","logger":"task.stdout"}
{"timestamp":"2025-12-25T18:47:01.426511Z","level":"info","event":"","logger":"task.stdout"}
{"timestamp":"2025-12-25T18:47:01.426918Z","level":"info","event":"","logger":"task.stdout"}
{"timestamp":"2025-12-25T18:47:01.419287Z","level":"error","event":"Task failed with exception","logger":"task","filename":"task_runner.py","lineno":1008,"error_detail":[{"exc_type":"Exception","exc_value":"Erreur lors de l'export : returncode=1\nstdout:\n======================================================================\nEXPORT POSTGRESQL vers S3\n======================================================================\n\nDate de partition : 2025-12-25\n\nExport de la table 'users'...\nConnexion à PostgreSQL...\nErreur de connexion PostgreSQL : connection to server at \"localhost\" (::1), port 5432 failed: Connection refused\n\tIs the server running on that host and accepting TCP/IP connections?\nconnection to server at \"localhost\" (127.0.0.1), port 5432 failed: Connection refused\n\tIs the server running on that host and accepting TCP/IP connections?\n\n\n\nstderr:\n<empty>","exc_notes":[],"syntax_error":null,"is_cause":false,"frames":[{"filename":"/home/airflow/.local/lib/python3.12/site-packages/airflow/sdk/execution_time/task_runner.py","lineno":934,"name":"run"},{"filename":"/home/airflow/.local/lib/python3.12/site-packages/airflow/sdk/execution_time/task_runner.py","lineno":1320,"name":"_execute_task"},{"filename":"/home/airflow/.local/lib/python3.12/site-packages/airflow/sdk/bases/operator.py","lineno":417,"name":"wrapper"},{"filename":"/home/airflow/.local/lib/python3.12/site-packages/airflow/providers/standard/operators/python.py","lineno":215,"name":"execute"},{"filename":"/home/airflow/.local/lib/python3.12/site-packages/airflow/providers/standard/operators/python.py","lineno":238,"name":"execute_callable"},{"filename":"/home/airflow/.local/lib/python3.12/site-packages/airflow/sdk/execution_time/callback_runner.py","lineno":82,"name":"run"},{"filename":"/opt/airflow/dags/shopstream_daily_pipeline.py","lineno":119,"name":"extract_postgres_to_s3"}],"is_group":false,"exceptions":[]}]}
{"timestamp":"2025-12-25T18:47:01.488150Z","level":"info","event":"Task instance in failure state","logger":"task.stdout"}
{"timestamp":"2025-12-25T18:47:01.489618Z","level":"info","event":"Task start","logger":"task.stdout"}
{"timestamp":"2025-12-25T18:47:01.490231Z","level":"info","event":"Task:<Task(PythonOperator): extract_postgres_to_s3>","logger":"task.stdout"}
{"timestamp":"2025-12-25T18:47:01.490808Z","level":"info","event":"Failure caused by Erreur lors de l'export : returncode=1","logger":"task.stdout"}
{"timestamp":"2025-12-25T18:47:01.491342Z","level":"info","event":"stdout:","logger":"task.stdout"}
{"timestamp":"2025-12-25T18:47:01.492219Z","level":"info","event":"======================================================================","logger":"task.stdout"}
{"timestamp":"2025-12-25T18:47:01.493538Z","level":"info","event":"EXPORT POSTGRESQL vers S3","logger":"task.stdout"}
{"timestamp":"2025-12-25T18:47:01.494294Z","level":"info","event":"======================================================================","logger":"task.stdout"}
{"timestamp":"2025-12-25T18:47:01.494938Z","level":"info","event":"","logger":"task.stdout"}
{"timestamp":"2025-12-25T18:47:01.495471Z","level":"info","event":"Date de partition : 2025-12-25","logger":"task.stdout"}
{"timestamp":"2025-12-25T18:47:01.495975Z","level":"info","event":"","logger":"task.stdout"}
{"timestamp":"2025-12-25T18:47:01.496488Z","level":"info","event":"Export de la table 'users'...","logger":"task.stdout"}
{"timestamp":"2025-12-25T18:47:01.497056Z","level":"info","event":"Connexion à PostgreSQL...","logger":"task.stdout"}
{"timestamp":"2025-12-25T18:47:01.497509Z","level":"info","event":"Erreur de connexion PostgreSQL : connection to server at \"localhost\" (::1), port 5432 failed: Connection refused","logger":"task.stdout"}
{"timestamp":"2025-12-25T18:47:01.497880Z","level":"info","event":"\tIs the server running on that host and accepting TCP/IP connections?","logger":"task.stdout"}
{"timestamp":"2025-12-25T18:47:01.498634Z","level":"info","event":"connection to server at \"localhost\" (127.0.0.1), port 5432 failed: Connection refused","logger":"task.stdout"}
{"timestamp":"2025-12-25T18:47:01.499116Z","level":"info","event":"\tIs the server running on that host and accepting TCP/IP connections?","logger":"task.stdout"}
{"timestamp":"2025-12-25T18:47:01.499714Z","level":"info","event":"","logger":"task.stdout"}
{"timestamp":"2025-12-25T18:47:01.500238Z","level":"info","event":"","logger":"task.stdout"}
{"timestamp":"2025-12-25T18:47:01.500982Z","level":"info","event":"","logger":"task.stdout"}
{"timestamp":"2025-12-25T18:47:01.501485Z","level":"info","event":"stderr:","logger":"task.stdout"}
{"timestamp":"2025-12-25T18:47:01.501941Z","level":"info","event":"<empty>","logger":"task.stdout"}
