{"timestamp":"2025-12-29T11:51:47.701064Z","level":"info","event":"DAG bundles loaded: dags-folder, example_dags","logger":"airflow.dag_processing.bundles.manager.DagBundlesManager","filename":"manager.py","lineno":179}
{"timestamp":"2025-12-29T11:51:47.704435Z","level":"info","event":"Filling up the DagBag from /opt/airflow/dags/shopstream_daily_pipeline.py","logger":"airflow.models.dagbag.DagBag","filename":"dagbag.py","lineno":593}
{"timestamp":"2025-12-29T11:51:48.174348Z","level":"info","event":"Task instance is in running state","logger":"task.stdout"}
{"timestamp":"2025-12-29T11:51:48.174793Z","level":"info","event":" Previous state of the Task instance: TaskInstanceState.QUEUED","logger":"task.stdout"}
{"timestamp":"2025-12-29T11:51:48.175315Z","level":"info","event":"Current task name:extract_postgres_to_s3","logger":"task.stdout"}
{"timestamp":"2025-12-29T11:51:48.175692Z","level":"info","event":"Dag name:shopstream_daily_pipeline","logger":"task.stdout"}
{"timestamp":"2025-12-29T11:51:48.176466Z","level":"info","event":"Extraction PostgreSQL vers S3 pour 2025-12-26","logger":"task.stdout"}
{"timestamp":"2025-12-29T11:51:48.178067Z","level":"info","event":"Detected Docker runtime. Defaulting to host.docker.internal for Postgres host (override with DB_HOST env var). Using: host.docker.internal","logger":"task.stdout"}
{"timestamp":"2025-12-29T11:51:48.178773Z","level":"info","event":"Running export command: /usr/python/bin/python3.12 -u /opt/airflow/scripts/export_to_s3.py --db-host host.docker.internal --db-port 5432 --db-user  --db-name  --date 2025-12-26","logger":"task.stdout"}
{"timestamp":"2025-12-29T11:51:48.179275Z","level":"info","event":"Effective DB host: host.docker.internal, port: 5432, user: , db: , has_password: False","logger":"task.stdout"}
{"timestamp":"2025-12-29T11:51:49.417823Z","level":"info","event":"export stdout:","logger":"task.stdout"}
{"timestamp":"2025-12-29T11:51:49.418489Z","level":"info","event":"======================================================================","logger":"task.stdout"}
{"timestamp":"2025-12-29T11:51:49.418959Z","level":"info","event":"EXPORT POSTGRESQL vers S3","logger":"task.stdout"}
{"timestamp":"2025-12-29T11:51:49.419457Z","level":"info","event":"======================================================================","logger":"task.stdout"}
{"timestamp":"2025-12-29T11:51:49.419845Z","level":"info","event":"","logger":"task.stdout"}
{"timestamp":"2025-12-29T11:51:49.420146Z","level":"info","event":"Date de partition : 2025-12-29","logger":"task.stdout"}
{"timestamp":"2025-12-29T11:51:49.420451Z","level":"info","event":"","logger":"task.stdout"}
{"timestamp":"2025-12-29T11:51:49.420742Z","level":"info","event":"Export de la table 'users'...","logger":"task.stdout"}
{"timestamp":"2025-12-29T11:51:49.421058Z","level":"info","event":"Connexion à PostgreSQL...","logger":"task.stdout"}
{"timestamp":"2025-12-29T11:51:49.421393Z","level":"info","event":"Erreur de connexion PostgreSQL : connection to server at \"localhost\" (::1), port 5432 failed: Connection refused","logger":"task.stdout"}
{"timestamp":"2025-12-29T11:51:49.421753Z","level":"info","event":"\tIs the server running on that host and accepting TCP/IP connections?","logger":"task.stdout"}
{"timestamp":"2025-12-29T11:51:49.422110Z","level":"info","event":"connection to server at \"localhost\" (127.0.0.1), port 5432 failed: Connection refused","logger":"task.stdout"}
{"timestamp":"2025-12-29T11:51:49.422419Z","level":"info","event":"\tIs the server running on that host and accepting TCP/IP connections?","logger":"task.stdout"}
{"timestamp":"2025-12-29T11:51:49.423052Z","level":"info","event":"","logger":"task.stdout"}
{"timestamp":"2025-12-29T11:51:49.423570Z","level":"info","event":"","logger":"task.stdout"}
{"timestamp":"2025-12-29T11:51:49.417963Z","level":"error","event":"Task failed with exception","logger":"task","filename":"task_runner.py","lineno":1008,"error_detail":[{"exc_type":"Exception","exc_value":"Erreur lors de l'export : returncode=1\nstdout:\n======================================================================\nEXPORT POSTGRESQL vers S3\n======================================================================\n\nDate de partition : 2025-12-29\n\nExport de la table 'users'...\nConnexion à PostgreSQL...\nErreur de connexion PostgreSQL : connection to server at \"localhost\" (::1), port 5432 failed: Connection refused\n\tIs the server running on that host and accepting TCP/IP connections?\nconnection to server at \"localhost\" (127.0.0.1), port 5432 failed: Connection refused\n\tIs the server running on that host and accepting TCP/IP connections?\n\n\n\nstderr:\n<empty>","exc_notes":[],"syntax_error":null,"is_cause":false,"frames":[{"filename":"/home/airflow/.local/lib/python3.12/site-packages/airflow/sdk/execution_time/task_runner.py","lineno":934,"name":"run"},{"filename":"/home/airflow/.local/lib/python3.12/site-packages/airflow/sdk/execution_time/task_runner.py","lineno":1320,"name":"_execute_task"},{"filename":"/home/airflow/.local/lib/python3.12/site-packages/airflow/sdk/bases/operator.py","lineno":417,"name":"wrapper"},{"filename":"/home/airflow/.local/lib/python3.12/site-packages/airflow/providers/standard/operators/python.py","lineno":215,"name":"execute"},{"filename":"/home/airflow/.local/lib/python3.12/site-packages/airflow/providers/standard/operators/python.py","lineno":238,"name":"execute_callable"},{"filename":"/home/airflow/.local/lib/python3.12/site-packages/airflow/sdk/execution_time/callback_runner.py","lineno":82,"name":"run"},{"filename":"/opt/airflow/dags/shopstream_daily_pipeline.py","lineno":170,"name":"extract_postgres_to_s3"}],"is_group":false,"exceptions":[]}]}
{"timestamp":"2025-12-29T11:51:49.425827Z","level":"info","event":"Task instance in failure state","logger":"task.stdout"}
{"timestamp":"2025-12-29T11:51:49.426363Z","level":"info","event":"Task start","logger":"task.stdout"}
{"timestamp":"2025-12-29T11:51:49.426775Z","level":"info","event":"Task:<Task(PythonOperator): extract_postgres_to_s3>","logger":"task.stdout"}
{"timestamp":"2025-12-29T11:51:49.427139Z","level":"info","event":"Failure caused by Erreur lors de l'export : returncode=1","logger":"task.stdout"}
{"timestamp":"2025-12-29T11:51:49.427449Z","level":"info","event":"stdout:","logger":"task.stdout"}
{"timestamp":"2025-12-29T11:51:49.427757Z","level":"info","event":"======================================================================","logger":"task.stdout"}
{"timestamp":"2025-12-29T11:51:49.428041Z","level":"info","event":"EXPORT POSTGRESQL vers S3","logger":"task.stdout"}
{"timestamp":"2025-12-29T11:51:49.428421Z","level":"info","event":"======================================================================","logger":"task.stdout"}
{"timestamp":"2025-12-29T11:51:49.428895Z","level":"info","event":"","logger":"task.stdout"}
{"timestamp":"2025-12-29T11:51:49.429329Z","level":"info","event":"Date de partition : 2025-12-29","logger":"task.stdout"}
{"timestamp":"2025-12-29T11:51:49.429587Z","level":"info","event":"","logger":"task.stdout"}
{"timestamp":"2025-12-29T11:51:49.429881Z","level":"info","event":"Export de la table 'users'...","logger":"task.stdout"}
{"timestamp":"2025-12-29T11:51:49.430191Z","level":"info","event":"Connexion à PostgreSQL...","logger":"task.stdout"}
{"timestamp":"2025-12-29T11:51:49.430493Z","level":"info","event":"Erreur de connexion PostgreSQL : connection to server at \"localhost\" (::1), port 5432 failed: Connection refused","logger":"task.stdout"}
{"timestamp":"2025-12-29T11:51:49.430782Z","level":"info","event":"\tIs the server running on that host and accepting TCP/IP connections?","logger":"task.stdout"}
{"timestamp":"2025-12-29T11:51:49.431113Z","level":"info","event":"connection to server at \"localhost\" (127.0.0.1), port 5432 failed: Connection refused","logger":"task.stdout"}
{"timestamp":"2025-12-29T11:51:49.431473Z","level":"info","event":"\tIs the server running on that host and accepting TCP/IP connections?","logger":"task.stdout"}
{"timestamp":"2025-12-29T11:51:49.431886Z","level":"info","event":"","logger":"task.stdout"}
{"timestamp":"2025-12-29T11:51:49.432198Z","level":"info","event":"","logger":"task.stdout"}
{"timestamp":"2025-12-29T11:51:49.432638Z","level":"info","event":"","logger":"task.stdout"}
{"timestamp":"2025-12-29T11:51:49.433149Z","level":"info","event":"stderr:","logger":"task.stdout"}
{"timestamp":"2025-12-29T11:51:49.433523Z","level":"info","event":"<empty>","logger":"task.stdout"}
