{"timestamp":"2025-12-26T09:14:31.570596Z","level":"info","event":"DAG bundles loaded: dags-folder, example_dags","logger":"airflow.dag_processing.bundles.manager.DagBundlesManager","filename":"manager.py","lineno":179}
{"timestamp":"2025-12-26T09:14:31.571587Z","level":"info","event":"Filling up the DagBag from /opt/airflow/dags/shopstream_daily_pipeline.py","logger":"airflow.models.dagbag.DagBag","filename":"dagbag.py","lineno":593}
{"timestamp":"2025-12-26T09:14:31.836532Z","level":"info","event":"Task instance is in running state","logger":"task.stdout"}
{"timestamp":"2025-12-26T09:14:31.837502Z","level":"info","event":" Previous state of the Task instance: TaskInstanceState.QUEUED","logger":"task.stdout"}
{"timestamp":"2025-12-26T09:14:31.838038Z","level":"info","event":"Current task name:extract_postgres_to_s3","logger":"task.stdout"}
{"timestamp":"2025-12-26T09:14:31.838453Z","level":"info","event":"Dag name:shopstream_daily_pipeline","logger":"task.stdout"}
{"timestamp":"2025-12-26T09:14:31.838902Z","level":"info","event":"Extraction PostgreSQL vers S3 pour 2025-12-26","logger":"task.stdout"}
{"timestamp":"2025-12-26T09:14:31.839307Z","level":"info","event":"Running export command: /usr/python/bin/python3.12 -u /opt/airflow/scripts/export_to_s3.py","logger":"task.stdout"}
{"timestamp":"2025-12-26T09:14:32.541684Z","level":"info","event":"export stdout:","logger":"task.stdout"}
{"timestamp":"2025-12-26T09:14:32.542216Z","level":"info","event":"======================================================================","logger":"task.stdout"}
{"timestamp":"2025-12-26T09:14:32.542552Z","level":"info","event":"EXPORT POSTGRESQL vers S3","logger":"task.stdout"}
{"timestamp":"2025-12-26T09:14:32.542866Z","level":"info","event":"======================================================================","logger":"task.stdout"}
{"timestamp":"2025-12-26T09:14:32.543300Z","level":"info","event":"","logger":"task.stdout"}
{"timestamp":"2025-12-26T09:14:32.543594Z","level":"info","event":"Date de partition : 2025-12-26","logger":"task.stdout"}
{"timestamp":"2025-12-26T09:14:32.543883Z","level":"info","event":"","logger":"task.stdout"}
{"timestamp":"2025-12-26T09:14:32.544220Z","level":"info","event":"Export de la table 'users'...","logger":"task.stdout"}
{"timestamp":"2025-12-26T09:14:32.544472Z","level":"info","event":"Connexion à PostgreSQL...","logger":"task.stdout"}
{"timestamp":"2025-12-26T09:14:32.544687Z","level":"info","event":"Erreur de connexion PostgreSQL : connection to server at \"localhost\" (::1), port 5432 failed: Connection refused","logger":"task.stdout"}
{"timestamp":"2025-12-26T09:14:32.544866Z","level":"info","event":"\tIs the server running on that host and accepting TCP/IP connections?","logger":"task.stdout"}
{"timestamp":"2025-12-26T09:14:32.545037Z","level":"info","event":"connection to server at \"localhost\" (127.0.0.1), port 5432 failed: Connection refused","logger":"task.stdout"}
{"timestamp":"2025-12-26T09:14:32.545243Z","level":"info","event":"\tIs the server running on that host and accepting TCP/IP connections?","logger":"task.stdout"}
{"timestamp":"2025-12-26T09:14:32.545493Z","level":"info","event":"","logger":"task.stdout"}
{"timestamp":"2025-12-26T09:14:32.545676Z","level":"info","event":"","logger":"task.stdout"}
{"timestamp":"2025-12-26T09:14:32.541726Z","level":"error","event":"Task failed with exception","logger":"task","filename":"task_runner.py","lineno":1008,"error_detail":[{"exc_type":"Exception","exc_value":"Erreur lors de l'export : returncode=1\nstdout:\n======================================================================\nEXPORT POSTGRESQL vers S3\n======================================================================\n\nDate de partition : 2025-12-26\n\nExport de la table 'users'...\nConnexion à PostgreSQL...\nErreur de connexion PostgreSQL : connection to server at \"localhost\" (::1), port 5432 failed: Connection refused\n\tIs the server running on that host and accepting TCP/IP connections?\nconnection to server at \"localhost\" (127.0.0.1), port 5432 failed: Connection refused\n\tIs the server running on that host and accepting TCP/IP connections?\n\n\n\nstderr:\n<empty>","exc_notes":[],"syntax_error":null,"is_cause":false,"frames":[{"filename":"/home/airflow/.local/lib/python3.12/site-packages/airflow/sdk/execution_time/task_runner.py","lineno":934,"name":"run"},{"filename":"/home/airflow/.local/lib/python3.12/site-packages/airflow/sdk/execution_time/task_runner.py","lineno":1320,"name":"_execute_task"},{"filename":"/home/airflow/.local/lib/python3.12/site-packages/airflow/sdk/bases/operator.py","lineno":417,"name":"wrapper"},{"filename":"/home/airflow/.local/lib/python3.12/site-packages/airflow/providers/standard/operators/python.py","lineno":215,"name":"execute"},{"filename":"/home/airflow/.local/lib/python3.12/site-packages/airflow/providers/standard/operators/python.py","lineno":238,"name":"execute_callable"},{"filename":"/home/airflow/.local/lib/python3.12/site-packages/airflow/sdk/execution_time/callback_runner.py","lineno":82,"name":"run"},{"filename":"/opt/airflow/dags/shopstream_daily_pipeline.py","lineno":123,"name":"extract_postgres_to_s3"}],"is_group":false,"exceptions":[]}]}
{"timestamp":"2025-12-26T09:14:32.546535Z","level":"info","event":"Task instance in failure state","logger":"task.stdout"}
{"timestamp":"2025-12-26T09:14:32.546850Z","level":"info","event":"Task start","logger":"task.stdout"}
{"timestamp":"2025-12-26T09:14:32.547092Z","level":"info","event":"Task:<Task(PythonOperator): extract_postgres_to_s3>","logger":"task.stdout"}
{"timestamp":"2025-12-26T09:14:32.547306Z","level":"info","event":"Failure caused by Erreur lors de l'export : returncode=1","logger":"task.stdout"}
{"timestamp":"2025-12-26T09:14:32.547483Z","level":"info","event":"stdout:","logger":"task.stdout"}
{"timestamp":"2025-12-26T09:14:32.547679Z","level":"info","event":"======================================================================","logger":"task.stdout"}
{"timestamp":"2025-12-26T09:14:32.547933Z","level":"info","event":"EXPORT POSTGRESQL vers S3","logger":"task.stdout"}
{"timestamp":"2025-12-26T09:14:32.548154Z","level":"info","event":"======================================================================","logger":"task.stdout"}
{"timestamp":"2025-12-26T09:14:32.548348Z","level":"info","event":"","logger":"task.stdout"}
{"timestamp":"2025-12-26T09:14:32.548564Z","level":"info","event":"Date de partition : 2025-12-26","logger":"task.stdout"}
{"timestamp":"2025-12-26T09:14:32.548832Z","level":"info","event":"","logger":"task.stdout"}
{"timestamp":"2025-12-26T09:14:32.549134Z","level":"info","event":"Export de la table 'users'...","logger":"task.stdout"}
{"timestamp":"2025-12-26T09:14:32.549367Z","level":"info","event":"Connexion à PostgreSQL...","logger":"task.stdout"}
{"timestamp":"2025-12-26T09:14:32.549588Z","level":"info","event":"Erreur de connexion PostgreSQL : connection to server at \"localhost\" (::1), port 5432 failed: Connection refused","logger":"task.stdout"}
{"timestamp":"2025-12-26T09:14:32.549805Z","level":"info","event":"\tIs the server running on that host and accepting TCP/IP connections?","logger":"task.stdout"}
{"timestamp":"2025-12-26T09:14:32.550006Z","level":"info","event":"connection to server at \"localhost\" (127.0.0.1), port 5432 failed: Connection refused","logger":"task.stdout"}
{"timestamp":"2025-12-26T09:14:32.550239Z","level":"info","event":"\tIs the server running on that host and accepting TCP/IP connections?","logger":"task.stdout"}
{"timestamp":"2025-12-26T09:14:32.550415Z","level":"info","event":"","logger":"task.stdout"}
{"timestamp":"2025-12-26T09:14:32.550853Z","level":"info","event":"","logger":"task.stdout"}
{"timestamp":"2025-12-26T09:14:32.551381Z","level":"info","event":"","logger":"task.stdout"}
{"timestamp":"2025-12-26T09:14:32.551717Z","level":"info","event":"stderr:","logger":"task.stdout"}
{"timestamp":"2025-12-26T09:14:32.552029Z","level":"info","event":"<empty>","logger":"task.stdout"}
