{"timestamp":"2025-12-26T09:09:29.429300Z","level":"info","event":"DAG bundles loaded: dags-folder, example_dags","logger":"airflow.dag_processing.bundles.manager.DagBundlesManager","filename":"manager.py","lineno":179}
{"timestamp":"2025-12-26T09:09:29.430455Z","level":"info","event":"Filling up the DagBag from /opt/airflow/dags/shopstream_daily_pipeline.py","logger":"airflow.models.dagbag.DagBag","filename":"dagbag.py","lineno":593}
{"timestamp":"2025-12-26T09:09:29.673920Z","level":"info","event":"Task instance is in running state","logger":"task.stdout"}
{"timestamp":"2025-12-26T09:09:29.674518Z","level":"info","event":" Previous state of the Task instance: TaskInstanceState.QUEUED","logger":"task.stdout"}
{"timestamp":"2025-12-26T09:09:29.674937Z","level":"info","event":"Current task name:extract_postgres_to_s3","logger":"task.stdout"}
{"timestamp":"2025-12-26T09:09:29.675262Z","level":"info","event":"Dag name:shopstream_daily_pipeline","logger":"task.stdout"}
{"timestamp":"2025-12-26T09:09:29.675855Z","level":"info","event":"Extraction PostgreSQL vers S3 pour 2025-12-26","logger":"task.stdout"}
{"timestamp":"2025-12-26T09:09:29.676466Z","level":"info","event":"Running export command: /usr/python/bin/python3.12 -u /opt/airflow/scripts/export_to_s3.py","logger":"task.stdout"}
{"timestamp":"2025-12-26T09:09:30.452017Z","level":"info","event":"export stdout:","logger":"task.stdout"}
{"timestamp":"2025-12-26T09:09:30.452454Z","level":"info","event":"======================================================================","logger":"task.stdout"}
{"timestamp":"2025-12-26T09:09:30.452924Z","level":"info","event":"EXPORT POSTGRESQL vers S3","logger":"task.stdout"}
{"timestamp":"2025-12-26T09:09:30.453283Z","level":"info","event":"======================================================================","logger":"task.stdout"}
{"timestamp":"2025-12-26T09:09:30.453659Z","level":"info","event":"","logger":"task.stdout"}
{"timestamp":"2025-12-26T09:09:30.453996Z","level":"info","event":"Date de partition : 2025-12-26","logger":"task.stdout"}
{"timestamp":"2025-12-26T09:09:30.454304Z","level":"info","event":"","logger":"task.stdout"}
{"timestamp":"2025-12-26T09:09:30.454599Z","level":"info","event":"Export de la table 'users'...","logger":"task.stdout"}
{"timestamp":"2025-12-26T09:09:30.454846Z","level":"info","event":"Connexion à PostgreSQL...","logger":"task.stdout"}
{"timestamp":"2025-12-26T09:09:30.455056Z","level":"info","event":"Erreur de connexion PostgreSQL : connection to server at \"localhost\" (::1), port 5432 failed: Connection refused","logger":"task.stdout"}
{"timestamp":"2025-12-26T09:09:30.455263Z","level":"info","event":"\tIs the server running on that host and accepting TCP/IP connections?","logger":"task.stdout"}
{"timestamp":"2025-12-26T09:09:30.455859Z","level":"info","event":"connection to server at \"localhost\" (127.0.0.1), port 5432 failed: Connection refused","logger":"task.stdout"}
{"timestamp":"2025-12-26T09:09:30.456321Z","level":"info","event":"\tIs the server running on that host and accepting TCP/IP connections?","logger":"task.stdout"}
{"timestamp":"2025-12-26T09:09:30.456796Z","level":"info","event":"","logger":"task.stdout"}
{"timestamp":"2025-12-26T09:09:30.457280Z","level":"info","event":"","logger":"task.stdout"}
{"timestamp":"2025-12-26T09:09:30.452076Z","level":"error","event":"Task failed with exception","logger":"task","filename":"task_runner.py","lineno":1008,"error_detail":[{"exc_type":"Exception","exc_value":"Erreur lors de l'export : returncode=1\nstdout:\n======================================================================\nEXPORT POSTGRESQL vers S3\n======================================================================\n\nDate de partition : 2025-12-26\n\nExport de la table 'users'...\nConnexion à PostgreSQL...\nErreur de connexion PostgreSQL : connection to server at \"localhost\" (::1), port 5432 failed: Connection refused\n\tIs the server running on that host and accepting TCP/IP connections?\nconnection to server at \"localhost\" (127.0.0.1), port 5432 failed: Connection refused\n\tIs the server running on that host and accepting TCP/IP connections?\n\n\n\nstderr:\n<empty>","exc_notes":[],"syntax_error":null,"is_cause":false,"frames":[{"filename":"/home/airflow/.local/lib/python3.12/site-packages/airflow/sdk/execution_time/task_runner.py","lineno":934,"name":"run"},{"filename":"/home/airflow/.local/lib/python3.12/site-packages/airflow/sdk/execution_time/task_runner.py","lineno":1320,"name":"_execute_task"},{"filename":"/home/airflow/.local/lib/python3.12/site-packages/airflow/sdk/bases/operator.py","lineno":417,"name":"wrapper"},{"filename":"/home/airflow/.local/lib/python3.12/site-packages/airflow/providers/standard/operators/python.py","lineno":215,"name":"execute"},{"filename":"/home/airflow/.local/lib/python3.12/site-packages/airflow/providers/standard/operators/python.py","lineno":238,"name":"execute_callable"},{"filename":"/home/airflow/.local/lib/python3.12/site-packages/airflow/sdk/execution_time/callback_runner.py","lineno":82,"name":"run"},{"filename":"/opt/airflow/dags/shopstream_daily_pipeline.py","lineno":123,"name":"extract_postgres_to_s3"}],"is_group":false,"exceptions":[]}]}
{"timestamp":"2025-12-26T09:09:30.490872Z","level":"info","event":"Task instance in failure state","logger":"task.stdout"}
{"timestamp":"2025-12-26T09:09:30.491363Z","level":"info","event":"Task start","logger":"task.stdout"}
{"timestamp":"2025-12-26T09:09:30.491643Z","level":"info","event":"Task:<Task(PythonOperator): extract_postgres_to_s3>","logger":"task.stdout"}
{"timestamp":"2025-12-26T09:09:30.492090Z","level":"info","event":"Failure caused by Erreur lors de l'export : returncode=1","logger":"task.stdout"}
{"timestamp":"2025-12-26T09:09:30.492552Z","level":"info","event":"stdout:","logger":"task.stdout"}
{"timestamp":"2025-12-26T09:09:30.492873Z","level":"info","event":"======================================================================","logger":"task.stdout"}
{"timestamp":"2025-12-26T09:09:30.493208Z","level":"info","event":"EXPORT POSTGRESQL vers S3","logger":"task.stdout"}
{"timestamp":"2025-12-26T09:09:30.493670Z","level":"info","event":"======================================================================","logger":"task.stdout"}
{"timestamp":"2025-12-26T09:09:30.493961Z","level":"info","event":"","logger":"task.stdout"}
{"timestamp":"2025-12-26T09:09:30.494373Z","level":"info","event":"Date de partition : 2025-12-26","logger":"task.stdout"}
{"timestamp":"2025-12-26T09:09:30.494828Z","level":"info","event":"","logger":"task.stdout"}
{"timestamp":"2025-12-26T09:09:30.495190Z","level":"info","event":"Export de la table 'users'...","logger":"task.stdout"}
{"timestamp":"2025-12-26T09:09:30.495496Z","level":"info","event":"Connexion à PostgreSQL...","logger":"task.stdout"}
{"timestamp":"2025-12-26T09:09:30.495830Z","level":"info","event":"Erreur de connexion PostgreSQL : connection to server at \"localhost\" (::1), port 5432 failed: Connection refused","logger":"task.stdout"}
{"timestamp":"2025-12-26T09:09:30.496086Z","level":"info","event":"\tIs the server running on that host and accepting TCP/IP connections?","logger":"task.stdout"}
{"timestamp":"2025-12-26T09:09:30.496373Z","level":"info","event":"connection to server at \"localhost\" (127.0.0.1), port 5432 failed: Connection refused","logger":"task.stdout"}
{"timestamp":"2025-12-26T09:09:30.496713Z","level":"info","event":"\tIs the server running on that host and accepting TCP/IP connections?","logger":"task.stdout"}
{"timestamp":"2025-12-26T09:09:30.497035Z","level":"info","event":"","logger":"task.stdout"}
{"timestamp":"2025-12-26T09:09:30.497321Z","level":"info","event":"","logger":"task.stdout"}
{"timestamp":"2025-12-26T09:09:30.497610Z","level":"info","event":"","logger":"task.stdout"}
{"timestamp":"2025-12-26T09:09:30.497894Z","level":"info","event":"stderr:","logger":"task.stdout"}
{"timestamp":"2025-12-26T09:09:30.498306Z","level":"info","event":"<empty>","logger":"task.stdout"}
