{"timestamp":"2025-12-25T18:57:36.758028Z","level":"info","event":"DAG bundles loaded: dags-folder, example_dags","logger":"airflow.dag_processing.bundles.manager.DagBundlesManager","filename":"manager.py","lineno":179}
{"timestamp":"2025-12-25T18:57:36.759725Z","level":"info","event":"Filling up the DagBag from /opt/airflow/dags/shopstream_daily_pipeline.py","logger":"airflow.models.dagbag.DagBag","filename":"dagbag.py","lineno":593}
{"timestamp":"2025-12-25T18:57:37.170022Z","level":"info","event":"Task instance is in running state","logger":"task.stdout"}
{"timestamp":"2025-12-25T18:57:37.171110Z","level":"info","event":" Previous state of the Task instance: TaskInstanceState.QUEUED","logger":"task.stdout"}
{"timestamp":"2025-12-25T18:57:37.171753Z","level":"info","event":"Current task name:extract_postgres_to_s3","logger":"task.stdout"}
{"timestamp":"2025-12-25T18:57:37.172092Z","level":"info","event":"Dag name:shopstream_daily_pipeline","logger":"task.stdout"}
{"timestamp":"2025-12-25T18:57:37.172424Z","level":"info","event":"Extraction PostgreSQL vers S3 pour 2025-12-25","logger":"task.stdout"}
{"timestamp":"2025-12-25T18:57:37.174078Z","level":"info","event":"Running export command: /usr/python/bin/python3.12 -u /opt/airflow/scripts/export_to_s3.py","logger":"task.stdout"}
{"timestamp":"2025-12-25T18:57:38.377325Z","level":"info","event":"export stdout:","logger":"task.stdout"}
{"timestamp":"2025-12-25T18:57:38.378179Z","level":"info","event":"======================================================================","logger":"task.stdout"}
{"timestamp":"2025-12-25T18:57:38.378809Z","level":"info","event":"EXPORT POSTGRESQL vers S3","logger":"task.stdout"}
{"timestamp":"2025-12-25T18:57:38.379174Z","level":"info","event":"======================================================================","logger":"task.stdout"}
{"timestamp":"2025-12-25T18:57:38.379521Z","level":"info","event":"","logger":"task.stdout"}
{"timestamp":"2025-12-25T18:57:38.379948Z","level":"info","event":"Date de partition : 2025-12-25","logger":"task.stdout"}
{"timestamp":"2025-12-25T18:57:38.380409Z","level":"info","event":"","logger":"task.stdout"}
{"timestamp":"2025-12-25T18:57:38.380770Z","level":"info","event":"Export de la table 'users'...","logger":"task.stdout"}
{"timestamp":"2025-12-25T18:57:38.381178Z","level":"info","event":"Connexion à PostgreSQL...","logger":"task.stdout"}
{"timestamp":"2025-12-25T18:57:38.381557Z","level":"info","event":"Erreur de connexion PostgreSQL : connection to server at \"localhost\" (::1), port 5432 failed: Connection refused","logger":"task.stdout"}
{"timestamp":"2025-12-25T18:57:38.381936Z","level":"info","event":"\tIs the server running on that host and accepting TCP/IP connections?","logger":"task.stdout"}
{"timestamp":"2025-12-25T18:57:38.382278Z","level":"info","event":"connection to server at \"localhost\" (127.0.0.1), port 5432 failed: Connection refused","logger":"task.stdout"}
{"timestamp":"2025-12-25T18:57:38.382655Z","level":"info","event":"\tIs the server running on that host and accepting TCP/IP connections?","logger":"task.stdout"}
{"timestamp":"2025-12-25T18:57:38.383219Z","level":"info","event":"","logger":"task.stdout"}
{"timestamp":"2025-12-25T18:57:38.383588Z","level":"info","event":"","logger":"task.stdout"}
{"timestamp":"2025-12-25T18:57:38.377520Z","level":"error","event":"Task failed with exception","logger":"task","filename":"task_runner.py","lineno":1008,"error_detail":[{"exc_type":"Exception","exc_value":"Erreur lors de l'export : returncode=1\nstdout:\n======================================================================\nEXPORT POSTGRESQL vers S3\n======================================================================\n\nDate de partition : 2025-12-25\n\nExport de la table 'users'...\nConnexion à PostgreSQL...\nErreur de connexion PostgreSQL : connection to server at \"localhost\" (::1), port 5432 failed: Connection refused\n\tIs the server running on that host and accepting TCP/IP connections?\nconnection to server at \"localhost\" (127.0.0.1), port 5432 failed: Connection refused\n\tIs the server running on that host and accepting TCP/IP connections?\n\n\n\nstderr:\n<empty>","exc_notes":[],"syntax_error":null,"is_cause":false,"frames":[{"filename":"/home/airflow/.local/lib/python3.12/site-packages/airflow/sdk/execution_time/task_runner.py","lineno":934,"name":"run"},{"filename":"/home/airflow/.local/lib/python3.12/site-packages/airflow/sdk/execution_time/task_runner.py","lineno":1320,"name":"_execute_task"},{"filename":"/home/airflow/.local/lib/python3.12/site-packages/airflow/sdk/bases/operator.py","lineno":417,"name":"wrapper"},{"filename":"/home/airflow/.local/lib/python3.12/site-packages/airflow/providers/standard/operators/python.py","lineno":215,"name":"execute"},{"filename":"/home/airflow/.local/lib/python3.12/site-packages/airflow/providers/standard/operators/python.py","lineno":238,"name":"execute_callable"},{"filename":"/home/airflow/.local/lib/python3.12/site-packages/airflow/sdk/execution_time/callback_runner.py","lineno":82,"name":"run"},{"filename":"/opt/airflow/dags/shopstream_daily_pipeline.py","lineno":123,"name":"extract_postgres_to_s3"}],"is_group":false,"exceptions":[]}]}
{"timestamp":"2025-12-25T18:57:38.434570Z","level":"info","event":"Task instance in failure state","logger":"task.stdout"}
{"timestamp":"2025-12-25T18:57:38.435373Z","level":"info","event":"Task start","logger":"task.stdout"}
{"timestamp":"2025-12-25T18:57:38.436438Z","level":"info","event":"Task:<Task(PythonOperator): extract_postgres_to_s3>","logger":"task.stdout"}
{"timestamp":"2025-12-25T18:57:38.437067Z","level":"info","event":"Failure caused by Erreur lors de l'export : returncode=1","logger":"task.stdout"}
{"timestamp":"2025-12-25T18:57:38.437647Z","level":"info","event":"stdout:","logger":"task.stdout"}
{"timestamp":"2025-12-25T18:57:38.438019Z","level":"info","event":"======================================================================","logger":"task.stdout"}
{"timestamp":"2025-12-25T18:57:38.438398Z","level":"info","event":"EXPORT POSTGRESQL vers S3","logger":"task.stdout"}
{"timestamp":"2025-12-25T18:57:38.438822Z","level":"info","event":"======================================================================","logger":"task.stdout"}
{"timestamp":"2025-12-25T18:57:38.439219Z","level":"info","event":"","logger":"task.stdout"}
{"timestamp":"2025-12-25T18:57:38.439629Z","level":"info","event":"Date de partition : 2025-12-25","logger":"task.stdout"}
{"timestamp":"2025-12-25T18:57:38.440117Z","level":"info","event":"","logger":"task.stdout"}
{"timestamp":"2025-12-25T18:57:38.440466Z","level":"info","event":"Export de la table 'users'...","logger":"task.stdout"}
{"timestamp":"2025-12-25T18:57:38.440793Z","level":"info","event":"Connexion à PostgreSQL...","logger":"task.stdout"}
{"timestamp":"2025-12-25T18:57:38.441203Z","level":"info","event":"Erreur de connexion PostgreSQL : connection to server at \"localhost\" (::1), port 5432 failed: Connection refused","logger":"task.stdout"}
{"timestamp":"2025-12-25T18:57:38.441609Z","level":"info","event":"\tIs the server running on that host and accepting TCP/IP connections?","logger":"task.stdout"}
{"timestamp":"2025-12-25T18:57:38.441982Z","level":"info","event":"connection to server at \"localhost\" (127.0.0.1), port 5432 failed: Connection refused","logger":"task.stdout"}
{"timestamp":"2025-12-25T18:57:38.442437Z","level":"info","event":"\tIs the server running on that host and accepting TCP/IP connections?","logger":"task.stdout"}
{"timestamp":"2025-12-25T18:57:38.442810Z","level":"info","event":"","logger":"task.stdout"}
{"timestamp":"2025-12-25T18:57:38.443073Z","level":"info","event":"","logger":"task.stdout"}
{"timestamp":"2025-12-25T18:57:38.443305Z","level":"info","event":"","logger":"task.stdout"}
{"timestamp":"2025-12-25T18:57:38.443733Z","level":"info","event":"stderr:","logger":"task.stdout"}
{"timestamp":"2025-12-25T18:57:38.444161Z","level":"info","event":"<empty>","logger":"task.stdout"}
