{"timestamp":"2025-12-25T19:02:39.498736Z","level":"info","event":"DAG bundles loaded: dags-folder, example_dags","logger":"airflow.dag_processing.bundles.manager.DagBundlesManager","filename":"manager.py","lineno":179}
{"timestamp":"2025-12-25T19:02:39.500296Z","level":"info","event":"Filling up the DagBag from /opt/airflow/dags/shopstream_daily_pipeline.py","logger":"airflow.models.dagbag.DagBag","filename":"dagbag.py","lineno":593}
{"timestamp":"2025-12-25T19:02:39.887660Z","level":"info","event":"Task instance is in running state","logger":"task.stdout"}
{"timestamp":"2025-12-25T19:02:39.888897Z","level":"info","event":" Previous state of the Task instance: TaskInstanceState.QUEUED","logger":"task.stdout"}
{"timestamp":"2025-12-25T19:02:39.889358Z","level":"info","event":"Current task name:extract_postgres_to_s3","logger":"task.stdout"}
{"timestamp":"2025-12-25T19:02:39.889905Z","level":"info","event":"Dag name:shopstream_daily_pipeline","logger":"task.stdout"}
{"timestamp":"2025-12-25T19:02:39.890390Z","level":"info","event":"Extraction PostgreSQL vers S3 pour 2025-12-25","logger":"task.stdout"}
{"timestamp":"2025-12-25T19:02:39.891211Z","level":"info","event":"Running export command: /usr/python/bin/python3.12 -u /opt/airflow/scripts/export_to_s3.py","logger":"task.stdout"}
{"timestamp":"2025-12-25T19:02:40.945764Z","level":"info","event":"export stdout:","logger":"task.stdout"}
{"timestamp":"2025-12-25T19:02:40.946373Z","level":"info","event":"======================================================================","logger":"task.stdout"}
{"timestamp":"2025-12-25T19:02:40.946798Z","level":"info","event":"EXPORT POSTGRESQL vers S3","logger":"task.stdout"}
{"timestamp":"2025-12-25T19:02:40.947323Z","level":"info","event":"======================================================================","logger":"task.stdout"}
{"timestamp":"2025-12-25T19:02:40.947722Z","level":"info","event":"","logger":"task.stdout"}
{"timestamp":"2025-12-25T19:02:40.948045Z","level":"info","event":"Date de partition : 2025-12-25","logger":"task.stdout"}
{"timestamp":"2025-12-25T19:02:40.948457Z","level":"info","event":"","logger":"task.stdout"}
{"timestamp":"2025-12-25T19:02:40.948794Z","level":"info","event":"Export de la table 'users'...","logger":"task.stdout"}
{"timestamp":"2025-12-25T19:02:40.949155Z","level":"info","event":"Connexion à PostgreSQL...","logger":"task.stdout"}
{"timestamp":"2025-12-25T19:02:40.949440Z","level":"info","event":"Erreur de connexion PostgreSQL : connection to server at \"localhost\" (::1), port 5432 failed: Connection refused","logger":"task.stdout"}
{"timestamp":"2025-12-25T19:02:40.949815Z","level":"info","event":"\tIs the server running on that host and accepting TCP/IP connections?","logger":"task.stdout"}
{"timestamp":"2025-12-25T19:02:40.950222Z","level":"info","event":"connection to server at \"localhost\" (127.0.0.1), port 5432 failed: Connection refused","logger":"task.stdout"}
{"timestamp":"2025-12-25T19:02:40.950541Z","level":"info","event":"\tIs the server running on that host and accepting TCP/IP connections?","logger":"task.stdout"}
{"timestamp":"2025-12-25T19:02:40.950887Z","level":"info","event":"","logger":"task.stdout"}
{"timestamp":"2025-12-25T19:02:40.951198Z","level":"info","event":"","logger":"task.stdout"}
{"timestamp":"2025-12-25T19:02:40.945808Z","level":"error","event":"Task failed with exception","logger":"task","filename":"task_runner.py","lineno":1008,"error_detail":[{"exc_type":"Exception","exc_value":"Erreur lors de l'export : returncode=1\nstdout:\n======================================================================\nEXPORT POSTGRESQL vers S3\n======================================================================\n\nDate de partition : 2025-12-25\n\nExport de la table 'users'...\nConnexion à PostgreSQL...\nErreur de connexion PostgreSQL : connection to server at \"localhost\" (::1), port 5432 failed: Connection refused\n\tIs the server running on that host and accepting TCP/IP connections?\nconnection to server at \"localhost\" (127.0.0.1), port 5432 failed: Connection refused\n\tIs the server running on that host and accepting TCP/IP connections?\n\n\n\nstderr:\n<empty>","exc_notes":[],"syntax_error":null,"is_cause":false,"frames":[{"filename":"/home/airflow/.local/lib/python3.12/site-packages/airflow/sdk/execution_time/task_runner.py","lineno":934,"name":"run"},{"filename":"/home/airflow/.local/lib/python3.12/site-packages/airflow/sdk/execution_time/task_runner.py","lineno":1320,"name":"_execute_task"},{"filename":"/home/airflow/.local/lib/python3.12/site-packages/airflow/sdk/bases/operator.py","lineno":417,"name":"wrapper"},{"filename":"/home/airflow/.local/lib/python3.12/site-packages/airflow/providers/standard/operators/python.py","lineno":215,"name":"execute"},{"filename":"/home/airflow/.local/lib/python3.12/site-packages/airflow/providers/standard/operators/python.py","lineno":238,"name":"execute_callable"},{"filename":"/home/airflow/.local/lib/python3.12/site-packages/airflow/sdk/execution_time/callback_runner.py","lineno":82,"name":"run"},{"filename":"/opt/airflow/dags/shopstream_daily_pipeline.py","lineno":123,"name":"extract_postgres_to_s3"}],"is_group":false,"exceptions":[]}]}
{"timestamp":"2025-12-25T19:02:40.952712Z","level":"info","event":"Task instance in failure state","logger":"task.stdout"}
{"timestamp":"2025-12-25T19:02:40.953171Z","level":"info","event":"Task start","logger":"task.stdout"}
{"timestamp":"2025-12-25T19:02:40.953507Z","level":"info","event":"Task:<Task(PythonOperator): extract_postgres_to_s3>","logger":"task.stdout"}
{"timestamp":"2025-12-25T19:02:40.953736Z","level":"info","event":"Failure caused by Erreur lors de l'export : returncode=1","logger":"task.stdout"}
{"timestamp":"2025-12-25T19:02:40.953941Z","level":"info","event":"stdout:","logger":"task.stdout"}
{"timestamp":"2025-12-25T19:02:40.954143Z","level":"info","event":"======================================================================","logger":"task.stdout"}
{"timestamp":"2025-12-25T19:02:40.954347Z","level":"info","event":"EXPORT POSTGRESQL vers S3","logger":"task.stdout"}
{"timestamp":"2025-12-25T19:02:40.954577Z","level":"info","event":"======================================================================","logger":"task.stdout"}
{"timestamp":"2025-12-25T19:02:40.954946Z","level":"info","event":"","logger":"task.stdout"}
{"timestamp":"2025-12-25T19:02:40.955354Z","level":"info","event":"Date de partition : 2025-12-25","logger":"task.stdout"}
{"timestamp":"2025-12-25T19:02:40.955738Z","level":"info","event":"","logger":"task.stdout"}
{"timestamp":"2025-12-25T19:02:40.956118Z","level":"info","event":"Export de la table 'users'...","logger":"task.stdout"}
{"timestamp":"2025-12-25T19:02:40.956501Z","level":"info","event":"Connexion à PostgreSQL...","logger":"task.stdout"}
{"timestamp":"2025-12-25T19:02:40.956895Z","level":"info","event":"Erreur de connexion PostgreSQL : connection to server at \"localhost\" (::1), port 5432 failed: Connection refused","logger":"task.stdout"}
{"timestamp":"2025-12-25T19:02:40.957211Z","level":"info","event":"\tIs the server running on that host and accepting TCP/IP connections?","logger":"task.stdout"}
{"timestamp":"2025-12-25T19:02:40.957488Z","level":"info","event":"connection to server at \"localhost\" (127.0.0.1), port 5432 failed: Connection refused","logger":"task.stdout"}
{"timestamp":"2025-12-25T19:02:40.957779Z","level":"info","event":"\tIs the server running on that host and accepting TCP/IP connections?","logger":"task.stdout"}
{"timestamp":"2025-12-25T19:02:40.958082Z","level":"info","event":"","logger":"task.stdout"}
{"timestamp":"2025-12-25T19:02:40.958370Z","level":"info","event":"","logger":"task.stdout"}
{"timestamp":"2025-12-25T19:02:40.958656Z","level":"info","event":"","logger":"task.stdout"}
{"timestamp":"2025-12-25T19:02:40.958945Z","level":"info","event":"stderr:","logger":"task.stdout"}
{"timestamp":"2025-12-25T19:02:40.959170Z","level":"info","event":"<empty>","logger":"task.stdout"}
