{"timestamp":"2025-12-25T17:13:42.278536Z","level":"info","event":"DAG bundles loaded: dags-folder, example_dags","logger":"airflow.dag_processing.bundles.manager.DagBundlesManager","filename":"manager.py","lineno":179}
{"timestamp":"2025-12-25T17:13:42.280531Z","level":"info","event":"Filling up the DagBag from /opt/airflow/dags/shopstream_daily_pipeline.py","logger":"airflow.models.dagbag.DagBag","filename":"dagbag.py","lineno":593}
{"timestamp":"2025-12-25T17:13:43.802974Z","level":"warning","event":"The `airflow.hooks.base.BaseHook` attribute is deprecated. Please use `'airflow.sdk.bases.hook.BaseHook'`.","category":"DeprecatedImportWarning","filename":"/opt/airflow/dags/shopstream_daily_pipeline.py","lineno":37,"logger":"py.warnings"}
{"timestamp":"2025-12-25T17:13:43.868092Z","level":"info","event":"Task instance is in running state","logger":"task.stdout"}
{"timestamp":"2025-12-25T17:13:43.868883Z","level":"info","event":" Previous state of the Task instance: TaskInstanceState.QUEUED","logger":"task.stdout"}
{"timestamp":"2025-12-25T17:13:43.869496Z","level":"info","event":"Current task name:extract_postgres_to_s3","logger":"task.stdout"}
{"timestamp":"2025-12-25T17:13:43.870058Z","level":"info","event":"Dag name:shopstream_daily_pipeline","logger":"task.stdout"}
{"timestamp":"2025-12-25T17:13:43.945618Z","level":"warning","event":"External export script not usable: Export script not found. Searched paths:\n/opt/airflow/scripts/export_to_s3.py\n/opt/airflow/dags/scripts/export_to_s3.py\n/opt/airflow/dags/export_to_s3.py\n/opt/airflow/include/export_to_s3.py\n/usr/local/airflow/scripts/export_to_s3.py\n\nDéployez export_to_s3.py dans l'un des emplacements ci‑dessus ou définissez la Variable Airflow 'export_script_path' avec le chemin absolu vers le script.","logger":"root","filename":"shopstream_daily_pipeline.py","lineno":200}
{"timestamp":"2025-12-25T17:13:43.969390Z","level":"error","event":"Task failed with exception","logger":"task","filename":"task_runner.py","lineno":1008,"error_detail":[{"exc_type":"Exception","exc_value":"Cannot perform fallback export because Postgres connection 'postgres_shopstream' is not defined in Airflow. Create it under Admin → Connections or set the Variable 'export_postgres_conn_id' to a valid conn_id.","exc_notes":[],"syntax_error":null,"is_cause":false,"frames":[{"filename":"/home/airflow/.local/lib/python3.12/site-packages/airflow/sdk/execution_time/task_runner.py","lineno":934,"name":"run"},{"filename":"/home/airflow/.local/lib/python3.12/site-packages/airflow/sdk/execution_time/task_runner.py","lineno":1320,"name":"_execute_task"},{"filename":"/home/airflow/.local/lib/python3.12/site-packages/airflow/sdk/bases/operator.py","lineno":417,"name":"wrapper"},{"filename":"/home/airflow/.local/lib/python3.12/site-packages/airflow/providers/standard/operators/python.py","lineno":215,"name":"execute"},{"filename":"/home/airflow/.local/lib/python3.12/site-packages/airflow/providers/standard/operators/python.py","lineno":238,"name":"execute_callable"},{"filename":"/home/airflow/.local/lib/python3.12/site-packages/airflow/sdk/execution_time/callback_runner.py","lineno":82,"name":"run"},{"filename":"/opt/airflow/dags/shopstream_daily_pipeline.py","lineno":206,"name":"extract_postgres_to_s3"}],"is_group":false,"exceptions":[]},{"exc_type":"AirflowNotFoundException","exc_value":"The conn_id `postgres_shopstream` isn't defined","exc_notes":[],"syntax_error":null,"is_cause":false,"frames":[{"filename":"/opt/airflow/dags/shopstream_daily_pipeline.py","lineno":204,"name":"extract_postgres_to_s3"},{"filename":"/home/airflow/.local/lib/python3.12/site-packages/airflow/sdk/bases/hook.py","lineno":61,"name":"get_connection"},{"filename":"/home/airflow/.local/lib/python3.12/site-packages/airflow/sdk/definitions/connection.py","lineno":225,"name":"get"},{"filename":"/home/airflow/.local/lib/python3.12/site-packages/airflow/sdk/execution_time/context.py","lineno":174,"name":"_get_connection"}],"is_group":false,"exceptions":[]}]}
{"timestamp":"2025-12-25T17:13:44.026016Z","level":"info","event":"Task instance in failure state","logger":"task.stdout"}
{"timestamp":"2025-12-25T17:13:44.026637Z","level":"info","event":"Task start","logger":"task.stdout"}
{"timestamp":"2025-12-25T17:13:44.027018Z","level":"info","event":"Task:<Task(PythonOperator): extract_postgres_to_s3>","logger":"task.stdout"}
{"timestamp":"2025-12-25T17:13:44.027342Z","level":"info","event":"Failure caused by Cannot perform fallback export because Postgres connection 'postgres_shopstream' is not defined in Airflow. Create it under Admin → Connections or set the Variable 'export_postgres_conn_id' to a valid conn_id.","logger":"task.stdout"}
{"timestamp":"2025-12-25T18:02:11.823258Z","level":"info","event":"DAG bundles loaded: dags-folder, example_dags","logger":"airflow.dag_processing.bundles.manager.DagBundlesManager","filename":"manager.py","lineno":179}
{"timestamp":"2025-12-25T18:02:11.827195Z","level":"info","event":"Filling up the DagBag from /opt/airflow/dags/shopstream_daily_pipeline.py","logger":"airflow.models.dagbag.DagBag","filename":"dagbag.py","lineno":593}
{"timestamp":"2025-12-25T18:02:12.373555Z","level":"warning","event":"The `airflow.operators.python.PythonOperator` attribute is deprecated. Please use `'airflow.providers.standard.operators.python.PythonOperator'`.","category":"DeprecatedImportWarning","filename":"/opt/airflow/dags/shopstream_daily_pipeline.py","lineno":18,"logger":"py.warnings"}
{"timestamp":"2025-12-25T18:02:12.373844Z","level":"warning","event":"The `airflow.operators.bash.BashOperator` attribute is deprecated. Please use `'airflow.providers.standard.operators.bash.BashOperator'`.","category":"DeprecatedImportWarning","filename":"/opt/airflow/dags/shopstream_daily_pipeline.py","lineno":19,"logger":"py.warnings"}
{"timestamp":"2025-12-25T18:02:12.373964Z","level":"warning","event":"The `airflow.models.baseoperator.BaseOperator` attribute is deprecated. Please use `'airflow.sdk.bases.operator.BaseOperator'`.","category":"DeprecatedImportWarning","filename":"/opt/airflow/dags/shopstream_daily_pipeline.py","lineno":31,"logger":"py.warnings"}
{"timestamp":"2025-12-25T18:02:12.439847Z","level":"info","event":"Task instance is in running state","logger":"task.stdout"}
{"timestamp":"2025-12-25T18:02:12.441211Z","level":"info","event":" Previous state of the Task instance: TaskInstanceState.QUEUED","logger":"task.stdout"}
{"timestamp":"2025-12-25T18:02:12.441898Z","level":"info","event":"Current task name:extract_postgres_to_s3","logger":"task.stdout"}
{"timestamp":"2025-12-25T18:02:12.442437Z","level":"info","event":"Dag name:shopstream_daily_pipeline","logger":"task.stdout"}
{"timestamp":"2025-12-25T18:02:12.443959Z","level":"info","event":"Extraction PostgreSQL vers S3 pour 2025-12-25","logger":"task.stdout"}
{"timestamp":"2025-12-25T18:02:12.478236Z","level":"error","event":"Task failed with exception","logger":"task","filename":"task_runner.py","lineno":1008,"error_detail":[{"exc_type":"Exception","exc_value":"Erreur lors de l'export : /usr/python/bin/python3.12: can't open file '/opt/airflow/scripts/export_to_s3.py': [Errno 2] No such file or directory\n","exc_notes":[],"syntax_error":null,"is_cause":false,"frames":[{"filename":"/home/airflow/.local/lib/python3.12/site-packages/airflow/sdk/execution_time/task_runner.py","lineno":934,"name":"run"},{"filename":"/home/airflow/.local/lib/python3.12/site-packages/airflow/sdk/execution_time/task_runner.py","lineno":1320,"name":"_execute_task"},{"filename":"/home/airflow/.local/lib/python3.12/site-packages/airflow/sdk/bases/operator.py","lineno":417,"name":"wrapper"},{"filename":"/home/airflow/.local/lib/python3.12/site-packages/airflow/providers/standard/operators/python.py","lineno":215,"name":"execute"},{"filename":"/home/airflow/.local/lib/python3.12/site-packages/airflow/providers/standard/operators/python.py","lineno":238,"name":"execute_callable"},{"filename":"/home/airflow/.local/lib/python3.12/site-packages/airflow/sdk/execution_time/callback_runner.py","lineno":82,"name":"run"},{"filename":"/opt/airflow/dags/shopstream_daily_pipeline.py","lineno":94,"name":"extract_postgres_to_s3"}],"is_group":false,"exceptions":[]}]}
{"timestamp":"2025-12-25T18:02:12.530482Z","level":"info","event":"Task instance in failure state","logger":"task.stdout"}
{"timestamp":"2025-12-25T18:02:12.531531Z","level":"info","event":"Task start","logger":"task.stdout"}
{"timestamp":"2025-12-25T18:02:12.532498Z","level":"info","event":"Task:<Task(PythonOperator): extract_postgres_to_s3>","logger":"task.stdout"}
{"timestamp":"2025-12-25T18:02:12.533061Z","level":"info","event":"Failure caused by Erreur lors de l'export : /usr/python/bin/python3.12: can't open file '/opt/airflow/scripts/export_to_s3.py': [Errno 2] No such file or directory","logger":"task.stdout"}
{"timestamp":"2025-12-25T18:02:12.533587Z","level":"info","event":"","logger":"task.stdout"}
{"timestamp":"2025-12-25T18:04:45.113289Z","level":"info","event":"DAG bundles loaded: dags-folder, example_dags","logger":"airflow.dag_processing.bundles.manager.DagBundlesManager","filename":"manager.py","lineno":179}
{"timestamp":"2025-12-25T18:04:45.115233Z","level":"info","event":"Filling up the DagBag from /opt/airflow/dags/shopstream_daily_pipeline.py","logger":"airflow.models.dagbag.DagBag","filename":"dagbag.py","lineno":593}
{"timestamp":"2025-12-25T18:04:45.500459Z","level":"warning","event":"The `airflow.operators.python.PythonOperator` attribute is deprecated. Please use `'airflow.providers.standard.operators.python.PythonOperator'`.","category":"DeprecatedImportWarning","filename":"/opt/airflow/dags/shopstream_daily_pipeline.py","lineno":18,"logger":"py.warnings"}
{"timestamp":"2025-12-25T18:04:45.500705Z","level":"warning","event":"The `airflow.operators.bash.BashOperator` attribute is deprecated. Please use `'airflow.providers.standard.operators.bash.BashOperator'`.","category":"DeprecatedImportWarning","filename":"/opt/airflow/dags/shopstream_daily_pipeline.py","lineno":19,"logger":"py.warnings"}
{"timestamp":"2025-12-25T18:04:45.500804Z","level":"warning","event":"The `airflow.models.baseoperator.BaseOperator` attribute is deprecated. Please use `'airflow.sdk.bases.operator.BaseOperator'`.","category":"DeprecatedImportWarning","filename":"/opt/airflow/dags/shopstream_daily_pipeline.py","lineno":31,"logger":"py.warnings"}
{"timestamp":"2025-12-25T18:04:45.531856Z","level":"info","event":"Task instance is in running state","logger":"task.stdout"}
{"timestamp":"2025-12-25T18:04:45.532429Z","level":"info","event":" Previous state of the Task instance: TaskInstanceState.QUEUED","logger":"task.stdout"}
{"timestamp":"2025-12-25T18:04:45.532893Z","level":"info","event":"Current task name:extract_postgres_to_s3","logger":"task.stdout"}
{"timestamp":"2025-12-25T18:04:45.533353Z","level":"info","event":"Dag name:shopstream_daily_pipeline","logger":"task.stdout"}
{"timestamp":"2025-12-25T18:04:45.534157Z","level":"info","event":"Extraction PostgreSQL vers S3 pour 2025-12-25","logger":"task.stdout"}
{"timestamp":"2025-12-25T18:04:45.554642Z","level":"error","event":"Task failed with exception","logger":"task","filename":"task_runner.py","lineno":1008,"error_detail":[{"exc_type":"Exception","exc_value":"Erreur lors de l'export : /usr/python/bin/python3.12: can't open file '/opt/airflow/scripts/export_to_s3.py': [Errno 2] No such file or directory\n","exc_notes":[],"syntax_error":null,"is_cause":false,"frames":[{"filename":"/home/airflow/.local/lib/python3.12/site-packages/airflow/sdk/execution_time/task_runner.py","lineno":934,"name":"run"},{"filename":"/home/airflow/.local/lib/python3.12/site-packages/airflow/sdk/execution_time/task_runner.py","lineno":1320,"name":"_execute_task"},{"filename":"/home/airflow/.local/lib/python3.12/site-packages/airflow/sdk/bases/operator.py","lineno":417,"name":"wrapper"},{"filename":"/home/airflow/.local/lib/python3.12/site-packages/airflow/providers/standard/operators/python.py","lineno":215,"name":"execute"},{"filename":"/home/airflow/.local/lib/python3.12/site-packages/airflow/providers/standard/operators/python.py","lineno":238,"name":"execute_callable"},{"filename":"/home/airflow/.local/lib/python3.12/site-packages/airflow/sdk/execution_time/callback_runner.py","lineno":82,"name":"run"},{"filename":"/opt/airflow/dags/shopstream_daily_pipeline.py","lineno":94,"name":"extract_postgres_to_s3"}],"is_group":false,"exceptions":[]}]}
{"timestamp":"2025-12-25T18:04:45.587508Z","level":"info","event":"Task instance in failure state","logger":"task.stdout"}
{"timestamp":"2025-12-25T18:04:45.588229Z","level":"info","event":"Task start","logger":"task.stdout"}
{"timestamp":"2025-12-25T18:04:45.588555Z","level":"info","event":"Task:<Task(PythonOperator): extract_postgres_to_s3>","logger":"task.stdout"}
{"timestamp":"2025-12-25T18:04:45.588813Z","level":"info","event":"Failure caused by Erreur lors de l'export : /usr/python/bin/python3.12: can't open file '/opt/airflow/scripts/export_to_s3.py': [Errno 2] No such file or directory","logger":"task.stdout"}
{"timestamp":"2025-12-25T18:04:45.589840Z","level":"info","event":"","logger":"task.stdout"}
{"timestamp":"2025-12-25T19:10:26.087554Z","level":"info","event":"DAG bundles loaded: dags-folder, example_dags","logger":"airflow.dag_processing.bundles.manager.DagBundlesManager","filename":"manager.py","lineno":179}
{"timestamp":"2025-12-25T19:10:26.088951Z","level":"info","event":"Filling up the DagBag from /opt/airflow/dags/shopstream_daily_pipeline.py","logger":"airflow.models.dagbag.DagBag","filename":"dagbag.py","lineno":593}
{"timestamp":"2025-12-25T19:10:26.515068Z","level":"info","event":"Task instance is in running state","logger":"task.stdout"}
{"timestamp":"2025-12-25T19:10:26.515702Z","level":"info","event":" Previous state of the Task instance: TaskInstanceState.QUEUED","logger":"task.stdout"}
{"timestamp":"2025-12-25T19:10:26.516105Z","level":"info","event":"Current task name:extract_postgres_to_s3","logger":"task.stdout"}
{"timestamp":"2025-12-25T19:10:26.516434Z","level":"info","event":"Dag name:shopstream_daily_pipeline","logger":"task.stdout"}
{"timestamp":"2025-12-25T19:10:26.517771Z","level":"info","event":"Extraction PostgreSQL vers S3 pour 2025-12-25","logger":"task.stdout"}
{"timestamp":"2025-12-25T19:10:26.519155Z","level":"info","event":"Running export command: /usr/python/bin/python3.12 -u /opt/airflow/scripts/export_to_s3.py","logger":"task.stdout"}
{"timestamp":"2025-12-25T19:10:27.964513Z","level":"info","event":"export stdout:","logger":"task.stdout"}
{"timestamp":"2025-12-25T19:10:27.965613Z","level":"info","event":"======================================================================","logger":"task.stdout"}
{"timestamp":"2025-12-25T19:10:27.966283Z","level":"info","event":"EXPORT POSTGRESQL vers S3","logger":"task.stdout"}
{"timestamp":"2025-12-25T19:10:27.966823Z","level":"info","event":"======================================================================","logger":"task.stdout"}
{"timestamp":"2025-12-25T19:10:27.967380Z","level":"info","event":"","logger":"task.stdout"}
{"timestamp":"2025-12-25T19:10:27.967724Z","level":"info","event":"Date de partition : 2025-12-25","logger":"task.stdout"}
{"timestamp":"2025-12-25T19:10:27.968254Z","level":"info","event":"","logger":"task.stdout"}
{"timestamp":"2025-12-25T19:10:27.969023Z","level":"info","event":"Export de la table 'users'...","logger":"task.stdout"}
{"timestamp":"2025-12-25T19:10:27.969572Z","level":"info","event":"Connexion à PostgreSQL...","logger":"task.stdout"}
{"timestamp":"2025-12-25T19:10:27.970114Z","level":"info","event":"Erreur de connexion PostgreSQL : connection to server at \"localhost\" (::1), port 5432 failed: Connection refused","logger":"task.stdout"}
{"timestamp":"2025-12-25T19:10:27.970539Z","level":"info","event":"\tIs the server running on that host and accepting TCP/IP connections?","logger":"task.stdout"}
{"timestamp":"2025-12-25T19:10:27.971011Z","level":"info","event":"connection to server at \"localhost\" (127.0.0.1), port 5432 failed: Connection refused","logger":"task.stdout"}
{"timestamp":"2025-12-25T19:10:27.971500Z","level":"info","event":"\tIs the server running on that host and accepting TCP/IP connections?","logger":"task.stdout"}
{"timestamp":"2025-12-25T19:10:27.971869Z","level":"info","event":"","logger":"task.stdout"}
{"timestamp":"2025-12-25T19:10:27.972350Z","level":"info","event":"","logger":"task.stdout"}
{"timestamp":"2025-12-25T19:10:27.964719Z","level":"error","event":"Task failed with exception","logger":"task","filename":"task_runner.py","lineno":1008,"error_detail":[{"exc_type":"Exception","exc_value":"Erreur lors de l'export : returncode=1\nstdout:\n======================================================================\nEXPORT POSTGRESQL vers S3\n======================================================================\n\nDate de partition : 2025-12-25\n\nExport de la table 'users'...\nConnexion à PostgreSQL...\nErreur de connexion PostgreSQL : connection to server at \"localhost\" (::1), port 5432 failed: Connection refused\n\tIs the server running on that host and accepting TCP/IP connections?\nconnection to server at \"localhost\" (127.0.0.1), port 5432 failed: Connection refused\n\tIs the server running on that host and accepting TCP/IP connections?\n\n\n\nstderr:\n<empty>","exc_notes":[],"syntax_error":null,"is_cause":false,"frames":[{"filename":"/home/airflow/.local/lib/python3.12/site-packages/airflow/sdk/execution_time/task_runner.py","lineno":934,"name":"run"},{"filename":"/home/airflow/.local/lib/python3.12/site-packages/airflow/sdk/execution_time/task_runner.py","lineno":1320,"name":"_execute_task"},{"filename":"/home/airflow/.local/lib/python3.12/site-packages/airflow/sdk/bases/operator.py","lineno":417,"name":"wrapper"},{"filename":"/home/airflow/.local/lib/python3.12/site-packages/airflow/providers/standard/operators/python.py","lineno":215,"name":"execute"},{"filename":"/home/airflow/.local/lib/python3.12/site-packages/airflow/providers/standard/operators/python.py","lineno":238,"name":"execute_callable"},{"filename":"/home/airflow/.local/lib/python3.12/site-packages/airflow/sdk/execution_time/callback_runner.py","lineno":82,"name":"run"},{"filename":"/opt/airflow/dags/shopstream_daily_pipeline.py","lineno":123,"name":"extract_postgres_to_s3"}],"is_group":false,"exceptions":[]}]}
{"timestamp":"2025-12-25T19:10:29.096848Z","level":"info","event":"Task instance in failure state","logger":"task.stdout"}
{"timestamp":"2025-12-25T19:10:29.097564Z","level":"info","event":"Task start","logger":"task.stdout"}
{"timestamp":"2025-12-25T19:10:29.098006Z","level":"info","event":"Task:<Task(PythonOperator): extract_postgres_to_s3>","logger":"task.stdout"}
{"timestamp":"2025-12-25T19:10:29.098398Z","level":"info","event":"Failure caused by Erreur lors de l'export : returncode=1","logger":"task.stdout"}
{"timestamp":"2025-12-25T19:10:29.098819Z","level":"info","event":"stdout:","logger":"task.stdout"}
{"timestamp":"2025-12-25T19:10:29.099298Z","level":"info","event":"======================================================================","logger":"task.stdout"}
{"timestamp":"2025-12-25T19:10:29.099803Z","level":"info","event":"EXPORT POSTGRESQL vers S3","logger":"task.stdout"}
{"timestamp":"2025-12-25T19:10:29.100337Z","level":"info","event":"======================================================================","logger":"task.stdout"}
{"timestamp":"2025-12-25T19:10:29.100779Z","level":"info","event":"","logger":"task.stdout"}
{"timestamp":"2025-12-25T19:10:29.101187Z","level":"info","event":"Date de partition : 2025-12-25","logger":"task.stdout"}
{"timestamp":"2025-12-25T19:10:29.101574Z","level":"info","event":"","logger":"task.stdout"}
{"timestamp":"2025-12-25T19:10:29.101989Z","level":"info","event":"Export de la table 'users'...","logger":"task.stdout"}
{"timestamp":"2025-12-25T19:10:29.102354Z","level":"info","event":"Connexion à PostgreSQL...","logger":"task.stdout"}
{"timestamp":"2025-12-25T19:10:29.102801Z","level":"info","event":"Erreur de connexion PostgreSQL : connection to server at \"localhost\" (::1), port 5432 failed: Connection refused","logger":"task.stdout"}
{"timestamp":"2025-12-25T19:10:29.103254Z","level":"info","event":"\tIs the server running on that host and accepting TCP/IP connections?","logger":"task.stdout"}
{"timestamp":"2025-12-25T19:10:29.103750Z","level":"info","event":"connection to server at \"localhost\" (127.0.0.1), port 5432 failed: Connection refused","logger":"task.stdout"}
{"timestamp":"2025-12-25T19:10:29.104415Z","level":"info","event":"\tIs the server running on that host and accepting TCP/IP connections?","logger":"task.stdout"}
{"timestamp":"2025-12-25T19:10:29.105008Z","level":"info","event":"","logger":"task.stdout"}
{"timestamp":"2025-12-25T19:10:29.105415Z","level":"info","event":"","logger":"task.stdout"}
{"timestamp":"2025-12-25T19:10:29.105750Z","level":"info","event":"","logger":"task.stdout"}
{"timestamp":"2025-12-25T19:10:29.106193Z","level":"info","event":"stderr:","logger":"task.stdout"}
{"timestamp":"2025-12-25T19:10:29.106641Z","level":"info","event":"<empty>","logger":"task.stdout"}
