{"timestamp":"2025-12-25T17:56:40.418684Z","level":"info","event":"DAG bundles loaded: dags-folder, example_dags","logger":"airflow.dag_processing.bundles.manager.DagBundlesManager","filename":"manager.py","lineno":179}
{"timestamp":"2025-12-25T17:56:40.420042Z","level":"info","event":"Filling up the DagBag from /opt/airflow/dags/shopstream_daily_pipeline.py","logger":"airflow.models.dagbag.DagBag","filename":"dagbag.py","lineno":593}
{"timestamp":"2025-12-25T17:56:40.757325Z","level":"warning","event":"The `airflow.operators.python.PythonOperator` attribute is deprecated. Please use `'airflow.providers.standard.operators.python.PythonOperator'`.","category":"DeprecatedImportWarning","filename":"/opt/airflow/dags/shopstream_daily_pipeline.py","lineno":18,"logger":"py.warnings"}
{"timestamp":"2025-12-25T17:56:40.757528Z","level":"warning","event":"The `airflow.operators.bash.BashOperator` attribute is deprecated. Please use `'airflow.providers.standard.operators.bash.BashOperator'`.","category":"DeprecatedImportWarning","filename":"/opt/airflow/dags/shopstream_daily_pipeline.py","lineno":19,"logger":"py.warnings"}
{"timestamp":"2025-12-25T17:56:40.757615Z","level":"warning","event":"The `airflow.models.baseoperator.BaseOperator` attribute is deprecated. Please use `'airflow.sdk.bases.operator.BaseOperator'`.","category":"DeprecatedImportWarning","filename":"/opt/airflow/dags/shopstream_daily_pipeline.py","lineno":31,"logger":"py.warnings"}
{"timestamp":"2025-12-25T17:56:40.806054Z","level":"info","event":"Task instance is in running state","logger":"task.stdout"}
{"timestamp":"2025-12-25T17:56:40.809517Z","level":"info","event":" Previous state of the Task instance: TaskInstanceState.QUEUED","logger":"task.stdout"}
{"timestamp":"2025-12-25T17:56:40.811653Z","level":"info","event":"Current task name:extract_postgres_to_s3","logger":"task.stdout"}
{"timestamp":"2025-12-25T17:56:40.812311Z","level":"info","event":"Dag name:shopstream_daily_pipeline","logger":"task.stdout"}
{"timestamp":"2025-12-25T17:56:40.812866Z","level":"info","event":"Extraction PostgreSQL vers S3 pour 2025-12-25","logger":"task.stdout"}
{"timestamp":"2025-12-25T17:56:40.824609Z","level":"error","event":"Task failed with exception","logger":"task","filename":"task_runner.py","lineno":1008,"error_detail":[{"exc_type":"Exception","exc_value":"Erreur lors de l'export : /usr/python/bin/python3.12: can't open file '/opt/airflow/scripts/export_to_s3.py': [Errno 2] No such file or directory\n","exc_notes":[],"syntax_error":null,"is_cause":false,"frames":[{"filename":"/home/airflow/.local/lib/python3.12/site-packages/airflow/sdk/execution_time/task_runner.py","lineno":934,"name":"run"},{"filename":"/home/airflow/.local/lib/python3.12/site-packages/airflow/sdk/execution_time/task_runner.py","lineno":1320,"name":"_execute_task"},{"filename":"/home/airflow/.local/lib/python3.12/site-packages/airflow/sdk/bases/operator.py","lineno":417,"name":"wrapper"},{"filename":"/home/airflow/.local/lib/python3.12/site-packages/airflow/providers/standard/operators/python.py","lineno":215,"name":"execute"},{"filename":"/home/airflow/.local/lib/python3.12/site-packages/airflow/providers/standard/operators/python.py","lineno":238,"name":"execute_callable"},{"filename":"/home/airflow/.local/lib/python3.12/site-packages/airflow/sdk/execution_time/callback_runner.py","lineno":82,"name":"run"},{"filename":"/opt/airflow/dags/shopstream_daily_pipeline.py","lineno":94,"name":"extract_postgres_to_s3"}],"is_group":false,"exceptions":[]}]}
{"timestamp":"2025-12-25T17:56:40.828151Z","level":"info","event":"Task instance in failure state","logger":"task.stdout"}
{"timestamp":"2025-12-25T17:56:40.828605Z","level":"info","event":"Task start","logger":"task.stdout"}
{"timestamp":"2025-12-25T17:56:40.831496Z","level":"info","event":"Task:<Task(PythonOperator): extract_postgres_to_s3>","logger":"task.stdout"}
{"timestamp":"2025-12-25T17:56:40.835530Z","level":"info","event":"Failure caused by Erreur lors de l'export : /usr/python/bin/python3.12: can't open file '/opt/airflow/scripts/export_to_s3.py': [Errno 2] No such file or directory","logger":"task.stdout"}
{"timestamp":"2025-12-25T17:56:40.839536Z","level":"info","event":"","logger":"task.stdout"}
{"timestamp":"2025-12-25T17:56:40.846520Z","level":"warning","event":"Using Connection.get_connection_from_secrets from `airflow.models` is deprecated.Please use `get` on Connection from sdk(`airflow.sdk.Connection`) instead","category":"DeprecationWarning","filename":"/home/airflow/.local/lib/python3.12/site-packages/airflow/models/connection.py","lineno":486,"logger":"py.warnings"}
{"timestamp":"2025-12-25T17:56:40.866113Z","level":"info","event":"Email alerting: attempt 1","logger":"airflow.utils.email","filename":"email.py","lineno":261}
{"timestamp":"2025-12-25T17:56:40.881393Z","level":"info","event":"Email alerting: attempt 1","logger":"airflow.utils.email","filename":"email.py","lineno":261}
{"timestamp":"2025-12-25T17:56:40.882021Z","level":"error","event":"Top level error","logger":"task","filename":"task_runner.py","lineno":1482,"error_detail":[{"exc_type":"ConnectionRefusedError","exc_value":"[Errno 111] Connection refused","exc_notes":[],"syntax_error":null,"is_cause":false,"frames":[{"filename":"/home/airflow/.local/lib/python3.12/site-packages/airflow/sdk/execution_time/task_runner.py","lineno":1477,"name":"main"},{"filename":"/home/airflow/.local/lib/python3.12/site-packages/airflow/sdk/execution_time/task_runner.py","lineno":1455,"name":"finalize"},{"filename":"/home/airflow/.local/lib/python3.12/site-packages/airflow/sdk/execution_time/task_runner.py","lineno":1277,"name":"_send_task_error_email"},{"filename":"/home/airflow/.local/lib/python3.12/site-packages/airflow/utils/email.py","lineno":79,"name":"send_email"},{"filename":"/home/airflow/.local/lib/python3.12/site-packages/airflow/utils/email.py","lineno":154,"name":"send_email_smtp"},{"filename":"/home/airflow/.local/lib/python3.12/site-packages/airflow/utils/email.py","lineno":263,"name":"send_mime_email"},{"filename":"/home/airflow/.local/lib/python3.12/site-packages/airflow/utils/email.py","lineno":306,"name":"_get_smtp_connection"},{"filename":"/usr/python/lib/python3.12/smtplib.py","lineno":255,"name":"__init__"},{"filename":"/usr/python/lib/python3.12/smtplib.py","lineno":341,"name":"connect"},{"filename":"/usr/python/lib/python3.12/smtplib.py","lineno":312,"name":"_get_socket"},{"filename":"/usr/python/lib/python3.12/socket.py","lineno":865,"name":"create_connection"},{"filename":"/usr/python/lib/python3.12/socket.py","lineno":850,"name":"create_connection"}],"is_group":false,"exceptions":[]},{"exc_type":"ConnectionRefusedError","exc_value":"[Errno 111] Connection refused","exc_notes":[],"syntax_error":null,"is_cause":false,"frames":[{"filename":"/home/airflow/.local/lib/python3.12/site-packages/airflow/sdk/execution_time/task_runner.py","lineno":1275,"name":"_send_task_error_email"},{"filename":"/home/airflow/.local/lib/python3.12/site-packages/airflow/utils/email.py","lineno":79,"name":"send_email"},{"filename":"/home/airflow/.local/lib/python3.12/site-packages/airflow/utils/email.py","lineno":154,"name":"send_email_smtp"},{"filename":"/home/airflow/.local/lib/python3.12/site-packages/airflow/utils/email.py","lineno":263,"name":"send_mime_email"},{"filename":"/home/airflow/.local/lib/python3.12/site-packages/airflow/utils/email.py","lineno":306,"name":"_get_smtp_connection"},{"filename":"/usr/python/lib/python3.12/smtplib.py","lineno":255,"name":"__init__"},{"filename":"/usr/python/lib/python3.12/smtplib.py","lineno":341,"name":"connect"},{"filename":"/usr/python/lib/python3.12/smtplib.py","lineno":312,"name":"_get_socket"},{"filename":"/usr/python/lib/python3.12/socket.py","lineno":865,"name":"create_connection"},{"filename":"/usr/python/lib/python3.12/socket.py","lineno":850,"name":"create_connection"}],"is_group":false,"exceptions":[]}]}
{"timestamp":"2025-12-25T17:56:40.893195Z","level":"warning","event":"Process exited abnormally","exit_code":1,"logger":"task"}
{"timestamp":"2025-12-25T19:23:16.708149Z","level":"info","event":"DAG bundles loaded: dags-folder, example_dags","logger":"airflow.dag_processing.bundles.manager.DagBundlesManager","filename":"manager.py","lineno":179}
{"timestamp":"2025-12-25T19:23:16.709720Z","level":"info","event":"Filling up the DagBag from /opt/airflow/dags/shopstream_daily_pipeline.py","logger":"airflow.models.dagbag.DagBag","filename":"dagbag.py","lineno":593}
{"timestamp":"2025-12-25T19:23:17.047617Z","level":"info","event":"Task instance is in running state","logger":"task.stdout"}
{"timestamp":"2025-12-25T19:23:17.048263Z","level":"info","event":" Previous state of the Task instance: TaskInstanceState.QUEUED","logger":"task.stdout"}
{"timestamp":"2025-12-25T19:23:17.048645Z","level":"info","event":"Current task name:extract_postgres_to_s3","logger":"task.stdout"}
{"timestamp":"2025-12-25T19:23:17.049032Z","level":"info","event":"Dag name:shopstream_daily_pipeline","logger":"task.stdout"}
{"timestamp":"2025-12-25T19:23:17.049804Z","level":"info","event":"Extraction PostgreSQL vers S3 pour 2025-12-25","logger":"task.stdout"}
{"timestamp":"2025-12-25T19:23:17.051263Z","level":"info","event":"Running export command: /usr/python/bin/python3.12 -u /opt/airflow/scripts/export_to_s3.py","logger":"task.stdout"}
{"timestamp":"2025-12-25T19:23:18.006923Z","level":"info","event":"export stdout:","logger":"task.stdout"}
{"timestamp":"2025-12-25T19:23:18.007533Z","level":"info","event":"======================================================================","logger":"task.stdout"}
{"timestamp":"2025-12-25T19:23:18.008665Z","level":"info","event":"EXPORT POSTGRESQL vers S3","logger":"task.stdout"}
{"timestamp":"2025-12-25T19:23:18.009023Z","level":"info","event":"======================================================================","logger":"task.stdout"}
{"timestamp":"2025-12-25T19:23:18.009405Z","level":"info","event":"","logger":"task.stdout"}
{"timestamp":"2025-12-25T19:23:18.010881Z","level":"info","event":"Date de partition : 2025-12-25","logger":"task.stdout"}
{"timestamp":"2025-12-25T19:23:18.011439Z","level":"info","event":"","logger":"task.stdout"}
{"timestamp":"2025-12-25T19:23:18.011862Z","level":"info","event":"Export de la table 'users'...","logger":"task.stdout"}
{"timestamp":"2025-12-25T19:23:18.012271Z","level":"info","event":"Connexion à PostgreSQL...","logger":"task.stdout"}
{"timestamp":"2025-12-25T19:23:18.012664Z","level":"info","event":"Erreur de connexion PostgreSQL : connection to server at \"localhost\" (::1), port 5432 failed: Connection refused","logger":"task.stdout"}
{"timestamp":"2025-12-25T19:23:18.013024Z","level":"info","event":"\tIs the server running on that host and accepting TCP/IP connections?","logger":"task.stdout"}
{"timestamp":"2025-12-25T19:23:18.013334Z","level":"info","event":"connection to server at \"localhost\" (127.0.0.1), port 5432 failed: Connection refused","logger":"task.stdout"}
{"timestamp":"2025-12-25T19:23:18.013627Z","level":"info","event":"\tIs the server running on that host and accepting TCP/IP connections?","logger":"task.stdout"}
{"timestamp":"2025-12-25T19:23:18.013877Z","level":"info","event":"","logger":"task.stdout"}
{"timestamp":"2025-12-25T19:23:18.014150Z","level":"info","event":"","logger":"task.stdout"}
{"timestamp":"2025-12-25T19:23:18.006908Z","level":"error","event":"Task failed with exception","logger":"task","filename":"task_runner.py","lineno":1008,"error_detail":[{"exc_type":"Exception","exc_value":"Erreur lors de l'export : returncode=1\nstdout:\n======================================================================\nEXPORT POSTGRESQL vers S3\n======================================================================\n\nDate de partition : 2025-12-25\n\nExport de la table 'users'...\nConnexion à PostgreSQL...\nErreur de connexion PostgreSQL : connection to server at \"localhost\" (::1), port 5432 failed: Connection refused\n\tIs the server running on that host and accepting TCP/IP connections?\nconnection to server at \"localhost\" (127.0.0.1), port 5432 failed: Connection refused\n\tIs the server running on that host and accepting TCP/IP connections?\n\n\n\nstderr:\n<empty>","exc_notes":[],"syntax_error":null,"is_cause":false,"frames":[{"filename":"/home/airflow/.local/lib/python3.12/site-packages/airflow/sdk/execution_time/task_runner.py","lineno":934,"name":"run"},{"filename":"/home/airflow/.local/lib/python3.12/site-packages/airflow/sdk/execution_time/task_runner.py","lineno":1320,"name":"_execute_task"},{"filename":"/home/airflow/.local/lib/python3.12/site-packages/airflow/sdk/bases/operator.py","lineno":417,"name":"wrapper"},{"filename":"/home/airflow/.local/lib/python3.12/site-packages/airflow/providers/standard/operators/python.py","lineno":215,"name":"execute"},{"filename":"/home/airflow/.local/lib/python3.12/site-packages/airflow/providers/standard/operators/python.py","lineno":238,"name":"execute_callable"},{"filename":"/home/airflow/.local/lib/python3.12/site-packages/airflow/sdk/execution_time/callback_runner.py","lineno":82,"name":"run"},{"filename":"/opt/airflow/dags/shopstream_daily_pipeline.py","lineno":123,"name":"extract_postgres_to_s3"}],"is_group":false,"exceptions":[]}]}
{"timestamp":"2025-12-25T19:23:18.046071Z","level":"info","event":"Task instance in failure state","logger":"task.stdout"}
{"timestamp":"2025-12-25T19:23:18.046957Z","level":"info","event":"Task start","logger":"task.stdout"}
{"timestamp":"2025-12-25T19:23:18.047546Z","level":"info","event":"Task:<Task(PythonOperator): extract_postgres_to_s3>","logger":"task.stdout"}
{"timestamp":"2025-12-25T19:23:18.047905Z","level":"info","event":"Failure caused by Erreur lors de l'export : returncode=1","logger":"task.stdout"}
{"timestamp":"2025-12-25T19:23:18.048397Z","level":"info","event":"stdout:","logger":"task.stdout"}
{"timestamp":"2025-12-25T19:23:18.048734Z","level":"info","event":"======================================================================","logger":"task.stdout"}
{"timestamp":"2025-12-25T19:23:18.049011Z","level":"info","event":"EXPORT POSTGRESQL vers S3","logger":"task.stdout"}
{"timestamp":"2025-12-25T19:23:18.049303Z","level":"info","event":"======================================================================","logger":"task.stdout"}
{"timestamp":"2025-12-25T19:23:18.049799Z","level":"info","event":"","logger":"task.stdout"}
{"timestamp":"2025-12-25T19:23:18.050469Z","level":"info","event":"Date de partition : 2025-12-25","logger":"task.stdout"}
{"timestamp":"2025-12-25T19:23:18.050787Z","level":"info","event":"","logger":"task.stdout"}
{"timestamp":"2025-12-25T19:23:18.051640Z","level":"info","event":"Export de la table 'users'...","logger":"task.stdout"}
{"timestamp":"2025-12-25T19:23:18.051976Z","level":"info","event":"Connexion à PostgreSQL...","logger":"task.stdout"}
{"timestamp":"2025-12-25T19:23:18.052322Z","level":"info","event":"Erreur de connexion PostgreSQL : connection to server at \"localhost\" (::1), port 5432 failed: Connection refused","logger":"task.stdout"}
{"timestamp":"2025-12-25T19:23:18.052680Z","level":"info","event":"\tIs the server running on that host and accepting TCP/IP connections?","logger":"task.stdout"}
{"timestamp":"2025-12-25T19:23:18.053033Z","level":"info","event":"connection to server at \"localhost\" (127.0.0.1), port 5432 failed: Connection refused","logger":"task.stdout"}
{"timestamp":"2025-12-25T19:23:18.053447Z","level":"info","event":"\tIs the server running on that host and accepting TCP/IP connections?","logger":"task.stdout"}
{"timestamp":"2025-12-25T19:23:18.053814Z","level":"info","event":"","logger":"task.stdout"}
{"timestamp":"2025-12-25T19:23:18.054054Z","level":"info","event":"","logger":"task.stdout"}
{"timestamp":"2025-12-25T19:23:18.054234Z","level":"info","event":"","logger":"task.stdout"}
{"timestamp":"2025-12-25T19:23:18.055140Z","level":"info","event":"stderr:","logger":"task.stdout"}
{"timestamp":"2025-12-25T19:23:18.055496Z","level":"info","event":"<empty>","logger":"task.stdout"}
