{"timestamp":"2025-12-29T11:46:44.178767Z","level":"info","event":"DAG bundles loaded: dags-folder, example_dags","logger":"airflow.dag_processing.bundles.manager.DagBundlesManager","filename":"manager.py","lineno":179}
{"timestamp":"2025-12-29T11:46:44.180738Z","level":"info","event":"Filling up the DagBag from /opt/airflow/dags/shopstream_daily_pipeline.py","logger":"airflow.models.dagbag.DagBag","filename":"dagbag.py","lineno":593}
{"timestamp":"2025-12-29T11:46:44.851213Z","level":"info","event":"Task instance is in running state","logger":"task.stdout"}
{"timestamp":"2025-12-29T11:46:44.852145Z","level":"info","event":" Previous state of the Task instance: TaskInstanceState.QUEUED","logger":"task.stdout"}
{"timestamp":"2025-12-29T11:46:44.852883Z","level":"info","event":"Current task name:extract_postgres_to_s3","logger":"task.stdout"}
{"timestamp":"2025-12-29T11:46:44.853532Z","level":"info","event":"Dag name:shopstream_daily_pipeline","logger":"task.stdout"}
{"timestamp":"2025-12-29T11:46:44.854568Z","level":"info","event":"Extraction PostgreSQL vers S3 pour 2025-12-26","logger":"task.stdout"}
{"timestamp":"2025-12-29T11:46:44.857495Z","level":"info","event":"Detected Docker runtime. Defaulting to host.docker.internal for Postgres host (override with DB_HOST env var). Using: host.docker.internal","logger":"task.stdout"}
{"timestamp":"2025-12-29T11:46:44.858045Z","level":"info","event":"Running export command: /usr/python/bin/python3.12 -u /opt/airflow/scripts/export_to_s3.py --db-host host.docker.internal --db-port 5432 --db-user  --db-name  --date 2025-12-26","logger":"task.stdout"}
{"timestamp":"2025-12-29T11:46:44.858387Z","level":"info","event":"Effective DB host: host.docker.internal, port: 5432, user: , db: , has_password: False","logger":"task.stdout"}
{"timestamp":"2025-12-29T11:46:46.080686Z","level":"info","event":"export stdout:","logger":"task.stdout"}
{"timestamp":"2025-12-29T11:46:46.081266Z","level":"info","event":"======================================================================","logger":"task.stdout"}
{"timestamp":"2025-12-29T11:46:46.081805Z","level":"info","event":"EXPORT POSTGRESQL vers S3","logger":"task.stdout"}
{"timestamp":"2025-12-29T11:46:46.082206Z","level":"info","event":"======================================================================","logger":"task.stdout"}
{"timestamp":"2025-12-29T11:46:46.082631Z","level":"info","event":"","logger":"task.stdout"}
{"timestamp":"2025-12-29T11:46:46.082954Z","level":"info","event":"Date de partition : 2025-12-29","logger":"task.stdout"}
{"timestamp":"2025-12-29T11:46:46.083273Z","level":"info","event":"","logger":"task.stdout"}
{"timestamp":"2025-12-29T11:46:46.083742Z","level":"info","event":"Export de la table 'users'...","logger":"task.stdout"}
{"timestamp":"2025-12-29T11:46:46.084225Z","level":"info","event":"Connexion à PostgreSQL...","logger":"task.stdout"}
{"timestamp":"2025-12-29T11:46:46.084582Z","level":"info","event":"Erreur de connexion PostgreSQL : connection to server at \"localhost\" (::1), port 5432 failed: Connection refused","logger":"task.stdout"}
{"timestamp":"2025-12-29T11:46:46.084921Z","level":"info","event":"\tIs the server running on that host and accepting TCP/IP connections?","logger":"task.stdout"}
{"timestamp":"2025-12-29T11:46:46.085235Z","level":"info","event":"connection to server at \"localhost\" (127.0.0.1), port 5432 failed: Connection refused","logger":"task.stdout"}
{"timestamp":"2025-12-29T11:46:46.085596Z","level":"info","event":"\tIs the server running on that host and accepting TCP/IP connections?","logger":"task.stdout"}
{"timestamp":"2025-12-29T11:46:46.085941Z","level":"info","event":"","logger":"task.stdout"}
{"timestamp":"2025-12-29T11:46:46.086345Z","level":"info","event":"","logger":"task.stdout"}
{"timestamp":"2025-12-29T11:46:46.080781Z","level":"error","event":"Task failed with exception","logger":"task","filename":"task_runner.py","lineno":1008,"error_detail":[{"exc_type":"Exception","exc_value":"Erreur lors de l'export : returncode=1\nstdout:\n======================================================================\nEXPORT POSTGRESQL vers S3\n======================================================================\n\nDate de partition : 2025-12-29\n\nExport de la table 'users'...\nConnexion à PostgreSQL...\nErreur de connexion PostgreSQL : connection to server at \"localhost\" (::1), port 5432 failed: Connection refused\n\tIs the server running on that host and accepting TCP/IP connections?\nconnection to server at \"localhost\" (127.0.0.1), port 5432 failed: Connection refused\n\tIs the server running on that host and accepting TCP/IP connections?\n\n\n\nstderr:\n<empty>","exc_notes":[],"syntax_error":null,"is_cause":false,"frames":[{"filename":"/home/airflow/.local/lib/python3.12/site-packages/airflow/sdk/execution_time/task_runner.py","lineno":934,"name":"run"},{"filename":"/home/airflow/.local/lib/python3.12/site-packages/airflow/sdk/execution_time/task_runner.py","lineno":1320,"name":"_execute_task"},{"filename":"/home/airflow/.local/lib/python3.12/site-packages/airflow/sdk/bases/operator.py","lineno":417,"name":"wrapper"},{"filename":"/home/airflow/.local/lib/python3.12/site-packages/airflow/providers/standard/operators/python.py","lineno":215,"name":"execute"},{"filename":"/home/airflow/.local/lib/python3.12/site-packages/airflow/providers/standard/operators/python.py","lineno":238,"name":"execute_callable"},{"filename":"/home/airflow/.local/lib/python3.12/site-packages/airflow/sdk/execution_time/callback_runner.py","lineno":82,"name":"run"},{"filename":"/opt/airflow/dags/shopstream_daily_pipeline.py","lineno":170,"name":"extract_postgres_to_s3"}],"is_group":false,"exceptions":[]}]}
{"timestamp":"2025-12-29T11:46:46.140270Z","level":"info","event":"Task instance in failure state","logger":"task.stdout"}
{"timestamp":"2025-12-29T11:46:46.140753Z","level":"info","event":"Task start","logger":"task.stdout"}
{"timestamp":"2025-12-29T11:46:46.141127Z","level":"info","event":"Task:<Task(PythonOperator): extract_postgres_to_s3>","logger":"task.stdout"}
{"timestamp":"2025-12-29T11:46:46.141461Z","level":"info","event":"Failure caused by Erreur lors de l'export : returncode=1","logger":"task.stdout"}
{"timestamp":"2025-12-29T11:46:46.141809Z","level":"info","event":"stdout:","logger":"task.stdout"}
{"timestamp":"2025-12-29T11:46:46.142154Z","level":"info","event":"======================================================================","logger":"task.stdout"}
{"timestamp":"2025-12-29T11:46:46.142447Z","level":"info","event":"EXPORT POSTGRESQL vers S3","logger":"task.stdout"}
{"timestamp":"2025-12-29T11:46:46.142742Z","level":"info","event":"======================================================================","logger":"task.stdout"}
{"timestamp":"2025-12-29T11:46:46.143041Z","level":"info","event":"","logger":"task.stdout"}
{"timestamp":"2025-12-29T11:46:46.143306Z","level":"info","event":"Date de partition : 2025-12-29","logger":"task.stdout"}
{"timestamp":"2025-12-29T11:46:46.143570Z","level":"info","event":"","logger":"task.stdout"}
{"timestamp":"2025-12-29T11:46:46.143938Z","level":"info","event":"Export de la table 'users'...","logger":"task.stdout"}
{"timestamp":"2025-12-29T11:46:46.144264Z","level":"info","event":"Connexion à PostgreSQL...","logger":"task.stdout"}
{"timestamp":"2025-12-29T11:46:46.144529Z","level":"info","event":"Erreur de connexion PostgreSQL : connection to server at \"localhost\" (::1), port 5432 failed: Connection refused","logger":"task.stdout"}
{"timestamp":"2025-12-29T11:46:46.144813Z","level":"info","event":"\tIs the server running on that host and accepting TCP/IP connections?","logger":"task.stdout"}
{"timestamp":"2025-12-29T11:46:46.145087Z","level":"info","event":"connection to server at \"localhost\" (127.0.0.1), port 5432 failed: Connection refused","logger":"task.stdout"}
{"timestamp":"2025-12-29T11:46:46.145358Z","level":"info","event":"\tIs the server running on that host and accepting TCP/IP connections?","logger":"task.stdout"}
{"timestamp":"2025-12-29T11:46:46.145621Z","level":"info","event":"","logger":"task.stdout"}
{"timestamp":"2025-12-29T11:46:46.145903Z","level":"info","event":"","logger":"task.stdout"}
{"timestamp":"2025-12-29T11:46:46.146242Z","level":"info","event":"","logger":"task.stdout"}
{"timestamp":"2025-12-29T11:46:46.146552Z","level":"info","event":"stderr:","logger":"task.stdout"}
{"timestamp":"2025-12-29T11:46:46.146820Z","level":"info","event":"<empty>","logger":"task.stdout"}
