{"timestamp":"2025-12-29T11:51:47.701272Z","level":"info","event":"DAG bundles loaded: dags-folder, example_dags","logger":"airflow.dag_processing.bundles.manager.DagBundlesManager","filename":"manager.py","lineno":179}
{"timestamp":"2025-12-29T11:51:47.705072Z","level":"info","event":"Filling up the DagBag from /opt/airflow/dags/shopstream_daily_pipeline.py","logger":"airflow.models.dagbag.DagBag","filename":"dagbag.py","lineno":593}
{"timestamp":"2025-12-29T11:51:48.173494Z","level":"info","event":"Task instance is in running state","logger":"task.stdout"}
{"timestamp":"2025-12-29T11:51:48.174160Z","level":"info","event":" Previous state of the Task instance: TaskInstanceState.QUEUED","logger":"task.stdout"}
{"timestamp":"2025-12-29T11:51:48.174788Z","level":"info","event":"Current task name:extract_postgres_to_s3","logger":"task.stdout"}
{"timestamp":"2025-12-29T11:51:48.175341Z","level":"info","event":"Dag name:shopstream_daily_pipeline","logger":"task.stdout"}
{"timestamp":"2025-12-29T11:51:48.176030Z","level":"info","event":"Extraction PostgreSQL vers S3 pour 2025-12-26","logger":"task.stdout"}
{"timestamp":"2025-12-29T11:51:48.177021Z","level":"info","event":"Detected Docker runtime. Defaulting to host.docker.internal for Postgres host (override with DB_HOST env var). Using: host.docker.internal","logger":"task.stdout"}
{"timestamp":"2025-12-29T11:51:48.178111Z","level":"info","event":"Running export command: /usr/python/bin/python3.12 -u /opt/airflow/scripts/export_to_s3.py --db-host host.docker.internal --db-port 5432 --db-user  --db-name  --date 2025-12-26","logger":"task.stdout"}
{"timestamp":"2025-12-29T11:51:48.178819Z","level":"info","event":"Effective DB host: host.docker.internal, port: 5432, user: , db: , has_password: False","logger":"task.stdout"}
{"timestamp":"2025-12-29T11:51:49.468550Z","level":"info","event":"export stdout:","logger":"task.stdout"}
{"timestamp":"2025-12-29T11:51:49.469109Z","level":"info","event":"======================================================================","logger":"task.stdout"}
{"timestamp":"2025-12-29T11:51:49.469543Z","level":"info","event":"EXPORT POSTGRESQL vers S3","logger":"task.stdout"}
{"timestamp":"2025-12-29T11:51:49.469895Z","level":"info","event":"======================================================================","logger":"task.stdout"}
{"timestamp":"2025-12-29T11:51:49.470261Z","level":"info","event":"","logger":"task.stdout"}
{"timestamp":"2025-12-29T11:51:49.470871Z","level":"info","event":"Date de partition : 2025-12-29","logger":"task.stdout"}
{"timestamp":"2025-12-29T11:51:49.471322Z","level":"info","event":"","logger":"task.stdout"}
{"timestamp":"2025-12-29T11:51:49.471676Z","level":"info","event":"Export de la table 'users'...","logger":"task.stdout"}
{"timestamp":"2025-12-29T11:51:49.472045Z","level":"info","event":"Connexion à PostgreSQL...","logger":"task.stdout"}
{"timestamp":"2025-12-29T11:51:49.472351Z","level":"info","event":"Erreur de connexion PostgreSQL : connection to server at \"localhost\" (::1), port 5432 failed: Connection refused","logger":"task.stdout"}
{"timestamp":"2025-12-29T11:51:49.472711Z","level":"info","event":"\tIs the server running on that host and accepting TCP/IP connections?","logger":"task.stdout"}
{"timestamp":"2025-12-29T11:51:49.473048Z","level":"info","event":"connection to server at \"localhost\" (127.0.0.1), port 5432 failed: Connection refused","logger":"task.stdout"}
{"timestamp":"2025-12-29T11:51:49.473371Z","level":"info","event":"\tIs the server running on that host and accepting TCP/IP connections?","logger":"task.stdout"}
{"timestamp":"2025-12-29T11:51:49.473721Z","level":"info","event":"","logger":"task.stdout"}
{"timestamp":"2025-12-29T11:51:49.474111Z","level":"info","event":"","logger":"task.stdout"}
{"timestamp":"2025-12-29T11:51:49.468619Z","level":"error","event":"Task failed with exception","logger":"task","filename":"task_runner.py","lineno":1008,"error_detail":[{"exc_type":"Exception","exc_value":"Erreur lors de l'export : returncode=1\nstdout:\n======================================================================\nEXPORT POSTGRESQL vers S3\n======================================================================\n\nDate de partition : 2025-12-29\n\nExport de la table 'users'...\nConnexion à PostgreSQL...\nErreur de connexion PostgreSQL : connection to server at \"localhost\" (::1), port 5432 failed: Connection refused\n\tIs the server running on that host and accepting TCP/IP connections?\nconnection to server at \"localhost\" (127.0.0.1), port 5432 failed: Connection refused\n\tIs the server running on that host and accepting TCP/IP connections?\n\n\n\nstderr:\n<empty>","exc_notes":[],"syntax_error":null,"is_cause":false,"frames":[{"filename":"/home/airflow/.local/lib/python3.12/site-packages/airflow/sdk/execution_time/task_runner.py","lineno":934,"name":"run"},{"filename":"/home/airflow/.local/lib/python3.12/site-packages/airflow/sdk/execution_time/task_runner.py","lineno":1320,"name":"_execute_task"},{"filename":"/home/airflow/.local/lib/python3.12/site-packages/airflow/sdk/bases/operator.py","lineno":417,"name":"wrapper"},{"filename":"/home/airflow/.local/lib/python3.12/site-packages/airflow/providers/standard/operators/python.py","lineno":215,"name":"execute"},{"filename":"/home/airflow/.local/lib/python3.12/site-packages/airflow/providers/standard/operators/python.py","lineno":238,"name":"execute_callable"},{"filename":"/home/airflow/.local/lib/python3.12/site-packages/airflow/sdk/execution_time/callback_runner.py","lineno":82,"name":"run"},{"filename":"/opt/airflow/dags/shopstream_daily_pipeline.py","lineno":170,"name":"extract_postgres_to_s3"}],"is_group":false,"exceptions":[]}]}
{"timestamp":"2025-12-29T11:51:49.475766Z","level":"info","event":"Task instance in failure state","logger":"task.stdout"}
{"timestamp":"2025-12-29T11:51:49.476385Z","level":"info","event":"Task start","logger":"task.stdout"}
{"timestamp":"2025-12-29T11:51:49.476749Z","level":"info","event":"Task:<Task(PythonOperator): extract_postgres_to_s3>","logger":"task.stdout"}
{"timestamp":"2025-12-29T11:51:49.477190Z","level":"info","event":"Failure caused by Erreur lors de l'export : returncode=1","logger":"task.stdout"}
{"timestamp":"2025-12-29T11:51:49.477567Z","level":"info","event":"stdout:","logger":"task.stdout"}
{"timestamp":"2025-12-29T11:51:49.477940Z","level":"info","event":"======================================================================","logger":"task.stdout"}
{"timestamp":"2025-12-29T11:51:49.478717Z","level":"info","event":"EXPORT POSTGRESQL vers S3","logger":"task.stdout"}
{"timestamp":"2025-12-29T11:51:49.479101Z","level":"info","event":"======================================================================","logger":"task.stdout"}
{"timestamp":"2025-12-29T11:51:49.479435Z","level":"info","event":"","logger":"task.stdout"}
{"timestamp":"2025-12-29T11:51:49.479782Z","level":"info","event":"Date de partition : 2025-12-29","logger":"task.stdout"}
{"timestamp":"2025-12-29T11:51:49.480124Z","level":"info","event":"","logger":"task.stdout"}
{"timestamp":"2025-12-29T11:51:49.480478Z","level":"info","event":"Export de la table 'users'...","logger":"task.stdout"}
{"timestamp":"2025-12-29T11:51:49.480808Z","level":"info","event":"Connexion à PostgreSQL...","logger":"task.stdout"}
{"timestamp":"2025-12-29T11:51:49.481103Z","level":"info","event":"Erreur de connexion PostgreSQL : connection to server at \"localhost\" (::1), port 5432 failed: Connection refused","logger":"task.stdout"}
{"timestamp":"2025-12-29T11:51:49.481485Z","level":"info","event":"\tIs the server running on that host and accepting TCP/IP connections?","logger":"task.stdout"}
{"timestamp":"2025-12-29T11:51:49.482712Z","level":"info","event":"connection to server at \"localhost\" (127.0.0.1), port 5432 failed: Connection refused","logger":"task.stdout"}
{"timestamp":"2025-12-29T11:51:49.483309Z","level":"info","event":"\tIs the server running on that host and accepting TCP/IP connections?","logger":"task.stdout"}
{"timestamp":"2025-12-29T11:51:49.483596Z","level":"info","event":"","logger":"task.stdout"}
{"timestamp":"2025-12-29T11:51:49.484183Z","level":"info","event":"","logger":"task.stdout"}
{"timestamp":"2025-12-29T11:51:49.484859Z","level":"info","event":"","logger":"task.stdout"}
{"timestamp":"2025-12-29T11:51:49.485722Z","level":"info","event":"stderr:","logger":"task.stdout"}
{"timestamp":"2025-12-29T11:51:49.486186Z","level":"info","event":"<empty>","logger":"task.stdout"}
